ai-gpgpu14
Visible GPUs: 0,1,2,3,4,5,6,7
Using devices: cuda:6
Session log: output/imputation/cuda:6/session_gpt4ts_20250824T015933.log
ğŸ”¥ RUN: gpt4ts | physionet_2012 | mr0.1_bs32_dm64_ffn64_h2_ly1_proftrue (DEVICE=cuda:6, N_STEPS=48, N_FEATURES=35)
[34m
â–ˆâ–ˆâ–ˆâ–ˆâ–ˆâ–ˆâ–ˆâ–ˆâ•—â–ˆâ–ˆâ•—â–ˆâ–ˆâ–ˆâ•—   â–ˆâ–ˆâ–ˆâ•—â–ˆâ–ˆâ–ˆâ–ˆâ–ˆâ–ˆâ–ˆâ•—    â–ˆâ–ˆâ–ˆâ–ˆâ–ˆâ–ˆâ–ˆâ•—â–ˆâ–ˆâ–ˆâ–ˆâ–ˆâ–ˆâ–ˆâ•—â–ˆâ–ˆâ–ˆâ–ˆâ–ˆâ–ˆâ•— â–ˆâ–ˆâ•—â–ˆâ–ˆâ–ˆâ–ˆâ–ˆâ–ˆâ–ˆâ•—â–ˆâ–ˆâ–ˆâ–ˆâ–ˆâ–ˆâ–ˆâ•—    â–ˆâ–ˆâ–ˆâ–ˆâ–ˆâ•— â–ˆâ–ˆâ•—
â•šâ•â•â–ˆâ–ˆâ•”â•â•â•â–ˆâ–ˆâ•‘â–ˆâ–ˆâ–ˆâ–ˆâ•— â–ˆâ–ˆâ–ˆâ–ˆâ•‘â–ˆâ–ˆâ•”â•â•â•â•â•    â–ˆâ–ˆâ•”â•â•â•â•â•â–ˆâ–ˆâ•”â•â•â•â•â•â–ˆâ–ˆâ•”â•â•â–ˆâ–ˆâ•—â–ˆâ–ˆâ•‘â–ˆâ–ˆâ•”â•â•â•â•â•â–ˆâ–ˆâ•”â•â•â•â•â•   â–ˆâ–ˆâ•”â•â•â–ˆâ–ˆâ•—â–ˆâ–ˆâ•‘
   â–ˆâ–ˆâ•‘   â–ˆâ–ˆâ•‘â–ˆâ–ˆâ•”â–ˆâ–ˆâ–ˆâ–ˆâ•”â–ˆâ–ˆâ•‘â–ˆâ–ˆâ–ˆâ–ˆâ–ˆâ•—â–ˆâ–ˆâ–ˆâ–ˆâ–ˆâ•—â–ˆâ–ˆâ–ˆâ–ˆâ–ˆâ–ˆâ–ˆâ•—â–ˆâ–ˆâ–ˆâ–ˆâ–ˆâ•—  â–ˆâ–ˆâ–ˆâ–ˆâ–ˆâ–ˆâ•”â•â–ˆâ–ˆâ•‘â–ˆâ–ˆâ–ˆâ–ˆâ–ˆâ•—  â–ˆâ–ˆâ–ˆâ–ˆâ–ˆâ–ˆâ–ˆâ•—   â–ˆâ–ˆâ–ˆâ–ˆâ–ˆâ–ˆâ–ˆâ•‘â–ˆâ–ˆâ•‘
   â–ˆâ–ˆâ•‘   â–ˆâ–ˆâ•‘â–ˆâ–ˆâ•‘â•šâ–ˆâ–ˆâ•”â•â–ˆâ–ˆâ•‘â–ˆâ–ˆâ•”â•â•â•â•šâ•â•â•â•â•â•šâ•â•â•â•â–ˆâ–ˆâ•‘â–ˆâ–ˆâ•”â•â•â•  â–ˆâ–ˆâ•”â•â•â–ˆâ–ˆâ•—â–ˆâ–ˆâ•‘â–ˆâ–ˆâ•”â•â•â•  â•šâ•â•â•â•â–ˆâ–ˆâ•‘   â–ˆâ–ˆâ•”â•â•â–ˆâ–ˆâ•‘â–ˆâ–ˆâ•‘
   â–ˆâ–ˆâ•‘   â–ˆâ–ˆâ•‘â–ˆâ–ˆâ•‘ â•šâ•â• â–ˆâ–ˆâ•‘â–ˆâ–ˆâ–ˆâ–ˆâ–ˆâ–ˆâ–ˆâ•—    â–ˆâ–ˆâ–ˆâ–ˆâ–ˆâ–ˆâ–ˆâ•‘â–ˆâ–ˆâ–ˆâ–ˆâ–ˆâ–ˆâ–ˆâ•—â–ˆâ–ˆâ•‘  â–ˆâ–ˆâ•‘â–ˆâ–ˆâ•‘â–ˆâ–ˆâ–ˆâ–ˆâ–ˆâ–ˆâ–ˆâ•—â–ˆâ–ˆâ–ˆâ–ˆâ–ˆâ–ˆâ–ˆâ•‘â–ˆâ–ˆâ•—â–ˆâ–ˆâ•‘  â–ˆâ–ˆâ•‘â–ˆâ–ˆâ•‘
   â•šâ•â•   â•šâ•â•â•šâ•â•     â•šâ•â•â•šâ•â•â•â•â•â•â•    â•šâ•â•â•â•â•â•â•â•šâ•â•â•â•â•â•â•â•šâ•â•  â•šâ•â•â•šâ•â•â•šâ•â•â•â•â•â•â•â•šâ•â•â•â•â•â•â•â•šâ•â•â•šâ•â•  â•šâ•â•â•šâ•â•
ai4ts v0.0.3 - building AI for unified time-series analysis, https://time-series.ai [0m

Use Train GPT: False
Use Lora: False
Use Profiling: True
2025-08-24 02:00:24 [INFO]: Have set the random seed as 2025 for numpy and pytorch.
ğŸš€ Running imputation pipeline for model: gpt4ts
â„¹ï¸ TSDB migration not needed, directory exists: /home/23r8105_messou/lab/iPyPOTS/datasets
2025-08-24 02:00:24 [INFO]: You're using dataset physionet_2012, please cite it properly in your work. You can find its reference information at the below link: 
https://github.com/WenjieDu/TSDB/tree/main/dataset_profiles/physionet_2012
2025-08-24 02:00:24 [INFO]: Dataset physionet_2012 has already been downloaded. Processing directly...
2025-08-24 02:00:24 [INFO]: Dataset physionet_2012 has already been cached. Loading from cache directly...
2025-08-24 02:00:25 [INFO]: Loaded successfully!
/home/23r8105_messou/anaconda3/envs/pypots/lib/python3.12/site-packages/benchpots/datasets/physionet_2012.py:109: FutureWarning: DataFrameGroupBy.apply operated on the grouping columns. This behavior is deprecated, and in a future version of pandas the grouping columns will be excluded from the operation. Either pass `include_groups=False` to exclude the groupings or explicitly select the grouping columns after groupby to silence this warning.
  X = X.groupby("RecordID").apply(apply_func)
2025-08-24 02:00:31 [WARNING]: Note that physionet_2012 has sparse observations in the time series, hence we don't add additional missing values to the training dataset. 
2025-08-24 02:00:31 [INFO]: 22947 values masked out in the val set as ground truth, take 9.91% of the original observed values
2025-08-24 02:00:31 [INFO]: 28724 values masked out in the test set as ground truth, take 10.08% of the original observed values
2025-08-24 02:00:31 [INFO]: Total sample number: 3997
2025-08-24 02:00:31 [INFO]: Training set size: 2557 (63.97%)
2025-08-24 02:00:31 [INFO]: Validation set size: 640 (16.01%)
2025-08-24 02:00:31 [INFO]: Test set size: 800 (20.02%)
2025-08-24 02:00:31 [INFO]: Number of steps: 48
2025-08-24 02:00:31 [INFO]: Number of features: 37
2025-08-24 02:00:31 [INFO]: Train set missing rate: 79.68%
2025-08-24 02:00:31 [INFO]: Validating set missing rate: 81.65%
2025-08-24 02:00:31 [INFO]: Test set missing rate: 81.96%
âœ… Dataset 'physionet_2012' with missing rate 0.1 loaded at: /home/23r8105_messou/lab/iPyPOTS/datasets/rate_0.1
ğŸš€ Starting GPT4TS training pipeline...
2025-08-24 02:00:31 [INFO]: ğŸ”¥ğŸ”¥ğŸ”¥ğŸ”¥ğŸ”¥ğŸ”¥ğŸ”¥ğŸ”¥ğŸ”¥ğŸ”¥Using device list: ['cuda:6']
2025-08-24 02:00:31 [INFO]: ğŸ”¥ğŸ”¥ğŸ”¥ğŸ”¥ğŸ”¥ğŸ”¥ğŸ”¥ğŸ”¥ğŸ”¥ğŸ”¥Using the given device: cuda:6
2025-08-24 02:00:32 [INFO]: Model files will be saved to output/imputation/cuda:6/gpt4ts/physionet_2012/epoch15/mr0.1_bs32_dm64_ffn64_h2_ly1_proftrue
2025-08-24 02:00:32 [INFO]: Tensorboard file will be saved to output/imputation/cuda:6/gpt4ts/physionet_2012/epoch15/mr0.1_bs32_dm64_ffn64_h2_ly1_proftrue/tensorboard
2025-08-24 02:00:32 [INFO]: Using customized MAE as the training loss function.
2025-08-24 02:00:32 [INFO]: Using customized MSE as the validation metric function.
2025-08-24 02:00:33 [INFO]: Model placed on cuda:6
2025-08-24 02:00:33 [INFO]: GPT4TS initialized with the given hyperparameters.
 â”œâ”€ Total parameters: 46,646,821
 â”œâ”€ Trainable parameters: 906,277
 â””â”€ Trainable ratio: 1.94%
2025-08-24 02:00:34 [ERROR]: âŒ Exception: `predictions` mustn't contain NaN values, but detected NaN in it
Traceback (most recent call last):
  File "/home/23r8105_messou/lab/iPyPOTS/pypots/base.py", line 748, in _train_model
    results = self.model(inputs, calc_criterion=True)
              ^^^^^^^^^^^^^^^^^^^^^^^^^^^^^^^^^^^^^^^
  File "/home/23r8105_messou/anaconda3/envs/pypots/lib/python3.12/site-packages/torch/nn/modules/module.py", line 1736, in _wrapped_call_impl
    return self._call_impl(*args, **kwargs)
           ^^^^^^^^^^^^^^^^^^^^^^^^^^^^^^^^
  File "/home/23r8105_messou/anaconda3/envs/pypots/lib/python3.12/site-packages/torch/nn/modules/module.py", line 1747, in _call_impl
    return forward_call(*args, **kwargs)
           ^^^^^^^^^^^^^^^^^^^^^^^^^^^^^
  File "/home/23r8105_messou/lab/iPyPOTS/pypots/imputation/gpt4ts/core.py", line 78, in forward
    loss = self.training_loss(reconstruction, X_ori, indicating_mask)
           ^^^^^^^^^^^^^^^^^^^^^^^^^^^^^^^^^^^^^^^^^^^^^^^^^^^^^^^^^^
  File "/home/23r8105_messou/anaconda3/envs/pypots/lib/python3.12/site-packages/torch/nn/modules/module.py", line 1736, in _wrapped_call_impl
    return self._call_impl(*args, **kwargs)
           ^^^^^^^^^^^^^^^^^^^^^^^^^^^^^^^^
  File "/home/23r8105_messou/anaconda3/envs/pypots/lib/python3.12/site-packages/torch/nn/modules/module.py", line 1747, in _call_impl
    return forward_call(*args, **kwargs)
           ^^^^^^^^^^^^^^^^^^^^^^^^^^^^^
  File "/home/23r8105_messou/lab/iPyPOTS/pypots/nn/modules/loss.py", line 81, in forward
    value = calc_mae(logits, targets, masks)
            ^^^^^^^^^^^^^^^^^^^^^^^^^^^^^^^^
  File "/home/23r8105_messou/lab/iPyPOTS/pypots/nn/functional/error.py", line 98, in calc_mae
    lib = _check_inputs(predictions, targets, masks)
          ^^^^^^^^^^^^^^^^^^^^^^^^^^^^^^^^^^^^^^^^^^
  File "/home/23r8105_messou/lab/iPyPOTS/pypots/nn/functional/error.py", line 34, in _check_inputs
    assert not lib.isnan(predictions).any(), "`predictions` mustn't contain NaN values, but detected NaN in it"
           ^^^^^^^^^^^^^^^^^^^^^^^^^^^^^^^^
AssertionError: `predictions` mustn't contain NaN values, but detected NaN in it

During handling of the above exception, another exception occurred:

Traceback (most recent call last):
  File "/home/23r8105_messou/lab/iPyPOTS/main.py", line 80, in <module>
    main(args)
  File "/home/23r8105_messou/lab/iPyPOTS/main.py", line 59, in main
    mae, mse, rmse, mre = MODEL_PIPELINES[model_name](dataset, args)
                          ^^^^^^^^^^^^^^^^^^^^^^^^^^^^^^^^^^^^^^^^^^
  File "/home/23r8105_messou/lab/iPyPOTS/pipeline/imputations/gpt4ts.py", line 58, in train_and_evaluate_gpt4ts
    gpt4ts.fit(train_set=train_set, val_set=val_set)
  File "/home/23r8105_messou/lab/iPyPOTS/pypots/imputation/gpt4ts/model.py", line 259, in fit
    self._train_model(train_dataloader, val_dataloader)
  File "/home/23r8105_messou/lab/iPyPOTS/pypots/base.py", line 825, in _train_model
    raise RuntimeError(
RuntimeError: Training got interrupted. Model was not trained. Please investigate the error printed above.
srun: error: ai-gpgpu14: task 0: Exited with exit code 1
âŒ FAIL(1): physionet_2012 | mr0.1_bs32_dm64_ffn64_h2_ly1_proftrue
ğŸ”¥ RUN: gpt4ts | physionet_2012 | mr0.2_bs32_dm64_ffn64_h2_ly1_proftrue (DEVICE=cuda:6, N_STEPS=48, N_FEATURES=35)
[34m
â–ˆâ–ˆâ–ˆâ–ˆâ–ˆâ–ˆâ–ˆâ–ˆâ•—â–ˆâ–ˆâ•—â–ˆâ–ˆâ–ˆâ•—   â–ˆâ–ˆâ–ˆâ•—â–ˆâ–ˆâ–ˆâ–ˆâ–ˆâ–ˆâ–ˆâ•—    â–ˆâ–ˆâ–ˆâ–ˆâ–ˆâ–ˆâ–ˆâ•—â–ˆâ–ˆâ–ˆâ–ˆâ–ˆâ–ˆâ–ˆâ•—â–ˆâ–ˆâ–ˆâ–ˆâ–ˆâ–ˆâ•— â–ˆâ–ˆâ•—â–ˆâ–ˆâ–ˆâ–ˆâ–ˆâ–ˆâ–ˆâ•—â–ˆâ–ˆâ–ˆâ–ˆâ–ˆâ–ˆâ–ˆâ•—    â–ˆâ–ˆâ–ˆâ–ˆâ–ˆâ•— â–ˆâ–ˆâ•—
â•šâ•â•â–ˆâ–ˆâ•”â•â•â•â–ˆâ–ˆâ•‘â–ˆâ–ˆâ–ˆâ–ˆâ•— â–ˆâ–ˆâ–ˆâ–ˆâ•‘â–ˆâ–ˆâ•”â•â•â•â•â•    â–ˆâ–ˆâ•”â•â•â•â•â•â–ˆâ–ˆâ•”â•â•â•â•â•â–ˆâ–ˆâ•”â•â•â–ˆâ–ˆâ•—â–ˆâ–ˆâ•‘â–ˆâ–ˆâ•”â•â•â•â•â•â–ˆâ–ˆâ•”â•â•â•â•â•   â–ˆâ–ˆâ•”â•â•â–ˆâ–ˆâ•—â–ˆâ–ˆâ•‘
   â–ˆâ–ˆâ•‘   â–ˆâ–ˆâ•‘â–ˆâ–ˆâ•”â–ˆâ–ˆâ–ˆâ–ˆâ•”â–ˆâ–ˆâ•‘â–ˆâ–ˆâ–ˆâ–ˆâ–ˆâ•—â–ˆâ–ˆâ–ˆâ–ˆâ–ˆâ•—â–ˆâ–ˆâ–ˆâ–ˆâ–ˆâ–ˆâ–ˆâ•—â–ˆâ–ˆâ–ˆâ–ˆâ–ˆâ•—  â–ˆâ–ˆâ–ˆâ–ˆâ–ˆâ–ˆâ•”â•â–ˆâ–ˆâ•‘â–ˆâ–ˆâ–ˆâ–ˆâ–ˆâ•—  â–ˆâ–ˆâ–ˆâ–ˆâ–ˆâ–ˆâ–ˆâ•—   â–ˆâ–ˆâ–ˆâ–ˆâ–ˆâ–ˆâ–ˆâ•‘â–ˆâ–ˆâ•‘
   â–ˆâ–ˆâ•‘   â–ˆâ–ˆâ•‘â–ˆâ–ˆâ•‘â•šâ–ˆâ–ˆâ•”â•â–ˆâ–ˆâ•‘â–ˆâ–ˆâ•”â•â•â•â•šâ•â•â•â•â•â•šâ•â•â•â•â–ˆâ–ˆâ•‘â–ˆâ–ˆâ•”â•â•â•  â–ˆâ–ˆâ•”â•â•â–ˆâ–ˆâ•—â–ˆâ–ˆâ•‘â–ˆâ–ˆâ•”â•â•â•  â•šâ•â•â•â•â–ˆâ–ˆâ•‘   â–ˆâ–ˆâ•”â•â•â–ˆâ–ˆâ•‘â–ˆâ–ˆâ•‘
   â–ˆâ–ˆâ•‘   â–ˆâ–ˆâ•‘â–ˆâ–ˆâ•‘ â•šâ•â• â–ˆâ–ˆâ•‘â–ˆâ–ˆâ–ˆâ–ˆâ–ˆâ–ˆâ–ˆâ•—    â–ˆâ–ˆâ–ˆâ–ˆâ–ˆâ–ˆâ–ˆâ•‘â–ˆâ–ˆâ–ˆâ–ˆâ–ˆâ–ˆâ–ˆâ•—â–ˆâ–ˆâ•‘  â–ˆâ–ˆâ•‘â–ˆâ–ˆâ•‘â–ˆâ–ˆâ–ˆâ–ˆâ–ˆâ–ˆâ–ˆâ•—â–ˆâ–ˆâ–ˆâ–ˆâ–ˆâ–ˆâ–ˆâ•‘â–ˆâ–ˆâ•—â–ˆâ–ˆâ•‘  â–ˆâ–ˆâ•‘â–ˆâ–ˆâ•‘
   â•šâ•â•   â•šâ•â•â•šâ•â•     â•šâ•â•â•šâ•â•â•â•â•â•â•    â•šâ•â•â•â•â•â•â•â•šâ•â•â•â•â•â•â•â•šâ•â•  â•šâ•â•â•šâ•â•â•šâ•â•â•â•â•â•â•â•šâ•â•â•â•â•â•â•â•šâ•â•â•šâ•â•  â•šâ•â•â•šâ•â•
ai4ts v0.0.3 - building AI for unified time-series analysis, https://time-series.ai [0m

Use Train GPT: False
Use Lora: False
Use Profiling: True
2025-08-24 02:01:20 [INFO]: Have set the random seed as 2025 for numpy and pytorch.
ğŸš€ Running imputation pipeline for model: gpt4ts
â„¹ï¸ TSDB migration not needed, directory exists: /home/23r8105_messou/lab/iPyPOTS/datasets
2025-08-24 02:01:20 [INFO]: You're using dataset physionet_2012, please cite it properly in your work. You can find its reference information at the below link: 
https://github.com/WenjieDu/TSDB/tree/main/dataset_profiles/physionet_2012
2025-08-24 02:01:20 [INFO]: Dataset physionet_2012 has already been downloaded. Processing directly...
2025-08-24 02:01:20 [INFO]: Dataset physionet_2012 has already been cached. Loading from cache directly...
2025-08-24 02:01:21 [INFO]: Loaded successfully!
/home/23r8105_messou/anaconda3/envs/pypots/lib/python3.12/site-packages/benchpots/datasets/physionet_2012.py:109: FutureWarning: DataFrameGroupBy.apply operated on the grouping columns. This behavior is deprecated, and in a future version of pandas the grouping columns will be excluded from the operation. Either pass `include_groups=False` to exclude the groupings or explicitly select the grouping columns after groupby to silence this warning.
  X = X.groupby("RecordID").apply(apply_func)
2025-08-24 02:01:30 [WARNING]: Note that physionet_2012 has sparse observations in the time series, hence we don't add additional missing values to the training dataset. 
2025-08-24 02:01:30 [INFO]: 46041 values masked out in the val set as ground truth, take 19.88% of the original observed values
2025-08-24 02:01:30 [INFO]: 57450 values masked out in the test set as ground truth, take 20.16% of the original observed values
2025-08-24 02:01:30 [INFO]: Total sample number: 3997
2025-08-24 02:01:30 [INFO]: Training set size: 2557 (63.97%)
2025-08-24 02:01:30 [INFO]: Validation set size: 640 (16.01%)
2025-08-24 02:01:30 [INFO]: Test set size: 800 (20.02%)
2025-08-24 02:01:30 [INFO]: Number of steps: 48
2025-08-24 02:01:30 [INFO]: Number of features: 37
2025-08-24 02:01:30 [INFO]: Train set missing rate: 79.68%
2025-08-24 02:01:30 [INFO]: Validating set missing rate: 83.68%
2025-08-24 02:01:30 [INFO]: Test set missing rate: 83.99%
âœ… Dataset 'physionet_2012' with missing rate 0.2 loaded at: /home/23r8105_messou/lab/iPyPOTS/datasets/rate_0.2
ğŸš€ Starting GPT4TS training pipeline...
2025-08-24 02:01:30 [INFO]: ğŸ”¥ğŸ”¥ğŸ”¥ğŸ”¥ğŸ”¥ğŸ”¥ğŸ”¥ğŸ”¥ğŸ”¥ğŸ”¥Using device list: ['cuda:6']
2025-08-24 02:01:30 [INFO]: ğŸ”¥ğŸ”¥ğŸ”¥ğŸ”¥ğŸ”¥ğŸ”¥ğŸ”¥ğŸ”¥ğŸ”¥ğŸ”¥Using the given device: cuda:6
2025-08-24 02:01:31 [INFO]: Model files will be saved to output/imputation/cuda:6/gpt4ts/physionet_2012/epoch15/mr0.2_bs32_dm64_ffn64_h2_ly1_proftrue
2025-08-24 02:01:31 [INFO]: Tensorboard file will be saved to output/imputation/cuda:6/gpt4ts/physionet_2012/epoch15/mr0.2_bs32_dm64_ffn64_h2_ly1_proftrue/tensorboard
2025-08-24 02:01:31 [INFO]: Using customized MAE as the training loss function.
2025-08-24 02:01:31 [INFO]: Using customized MSE as the validation metric function.
2025-08-24 02:01:32 [INFO]: Model placed on cuda:6
2025-08-24 02:01:32 [INFO]: GPT4TS initialized with the given hyperparameters.
 â”œâ”€ Total parameters: 46,646,821
 â”œâ”€ Trainable parameters: 906,277
 â””â”€ Trainable ratio: 1.94%
2025-08-24 02:01:34 [ERROR]: âŒ Exception: `predictions` mustn't contain NaN values, but detected NaN in it
Traceback (most recent call last):
  File "/home/23r8105_messou/lab/iPyPOTS/pypots/base.py", line 748, in _train_model
    results = self.model(inputs, calc_criterion=True)
              ^^^^^^^^^^^^^^^^^^^^^^^^^^^^^^^^^^^^^^^
  File "/home/23r8105_messou/anaconda3/envs/pypots/lib/python3.12/site-packages/torch/nn/modules/module.py", line 1736, in _wrapped_call_impl
    return self._call_impl(*args, **kwargs)
           ^^^^^^^^^^^^^^^^^^^^^^^^^^^^^^^^
  File "/home/23r8105_messou/anaconda3/envs/pypots/lib/python3.12/site-packages/torch/nn/modules/module.py", line 1747, in _call_impl
    return forward_call(*args, **kwargs)
           ^^^^^^^^^^^^^^^^^^^^^^^^^^^^^
  File "/home/23r8105_messou/lab/iPyPOTS/pypots/imputation/gpt4ts/core.py", line 78, in forward
    loss = self.training_loss(reconstruction, X_ori, indicating_mask)
           ^^^^^^^^^^^^^^^^^^^^^^^^^^^^^^^^^^^^^^^^^^^^^^^^^^^^^^^^^^
  File "/home/23r8105_messou/anaconda3/envs/pypots/lib/python3.12/site-packages/torch/nn/modules/module.py", line 1736, in _wrapped_call_impl
    return self._call_impl(*args, **kwargs)
           ^^^^^^^^^^^^^^^^^^^^^^^^^^^^^^^^
  File "/home/23r8105_messou/anaconda3/envs/pypots/lib/python3.12/site-packages/torch/nn/modules/module.py", line 1747, in _call_impl
    return forward_call(*args, **kwargs)
           ^^^^^^^^^^^^^^^^^^^^^^^^^^^^^
  File "/home/23r8105_messou/lab/iPyPOTS/pypots/nn/modules/loss.py", line 81, in forward
    value = calc_mae(logits, targets, masks)
            ^^^^^^^^^^^^^^^^^^^^^^^^^^^^^^^^
  File "/home/23r8105_messou/lab/iPyPOTS/pypots/nn/functional/error.py", line 98, in calc_mae
    lib = _check_inputs(predictions, targets, masks)
          ^^^^^^^^^^^^^^^^^^^^^^^^^^^^^^^^^^^^^^^^^^
  File "/home/23r8105_messou/lab/iPyPOTS/pypots/nn/functional/error.py", line 34, in _check_inputs
    assert not lib.isnan(predictions).any(), "`predictions` mustn't contain NaN values, but detected NaN in it"
           ^^^^^^^^^^^^^^^^^^^^^^^^^^^^^^^^
AssertionError: `predictions` mustn't contain NaN values, but detected NaN in it

During handling of the above exception, another exception occurred:

Traceback (most recent call last):
  File "/home/23r8105_messou/lab/iPyPOTS/main.py", line 80, in <module>
    main(args)
  File "/home/23r8105_messou/lab/iPyPOTS/main.py", line 59, in main
    mae, mse, rmse, mre = MODEL_PIPELINES[model_name](dataset, args)
                          ^^^^^^^^^^^^^^^^^^^^^^^^^^^^^^^^^^^^^^^^^^
  File "/home/23r8105_messou/lab/iPyPOTS/pipeline/imputations/gpt4ts.py", line 58, in train_and_evaluate_gpt4ts
    gpt4ts.fit(train_set=train_set, val_set=val_set)
  File "/home/23r8105_messou/lab/iPyPOTS/pypots/imputation/gpt4ts/model.py", line 259, in fit
    self._train_model(train_dataloader, val_dataloader)
  File "/home/23r8105_messou/lab/iPyPOTS/pypots/base.py", line 825, in _train_model
    raise RuntimeError(
RuntimeError: Training got interrupted. Model was not trained. Please investigate the error printed above.
srun: error: ai-gpgpu14: task 0: Exited with exit code 1
âŒ FAIL(1): physionet_2012 | mr0.2_bs32_dm64_ffn64_h2_ly1_proftrue
ğŸ”¥ RUN: gpt4ts | physionet_2012 | mr0.3_bs32_dm64_ffn64_h2_ly1_proftrue (DEVICE=cuda:6, N_STEPS=48, N_FEATURES=35)
[34m
â–ˆâ–ˆâ–ˆâ–ˆâ–ˆâ–ˆâ–ˆâ–ˆâ•—â–ˆâ–ˆâ•—â–ˆâ–ˆâ–ˆâ•—   â–ˆâ–ˆâ–ˆâ•—â–ˆâ–ˆâ–ˆâ–ˆâ–ˆâ–ˆâ–ˆâ•—    â–ˆâ–ˆâ–ˆâ–ˆâ–ˆâ–ˆâ–ˆâ•—â–ˆâ–ˆâ–ˆâ–ˆâ–ˆâ–ˆâ–ˆâ•—â–ˆâ–ˆâ–ˆâ–ˆâ–ˆâ–ˆâ•— â–ˆâ–ˆâ•—â–ˆâ–ˆâ–ˆâ–ˆâ–ˆâ–ˆâ–ˆâ•—â–ˆâ–ˆâ–ˆâ–ˆâ–ˆâ–ˆâ–ˆâ•—    â–ˆâ–ˆâ–ˆâ–ˆâ–ˆâ•— â–ˆâ–ˆâ•—
â•šâ•â•â–ˆâ–ˆâ•”â•â•â•â–ˆâ–ˆâ•‘â–ˆâ–ˆâ–ˆâ–ˆâ•— â–ˆâ–ˆâ–ˆâ–ˆâ•‘â–ˆâ–ˆâ•”â•â•â•â•â•    â–ˆâ–ˆâ•”â•â•â•â•â•â–ˆâ–ˆâ•”â•â•â•â•â•â–ˆâ–ˆâ•”â•â•â–ˆâ–ˆâ•—â–ˆâ–ˆâ•‘â–ˆâ–ˆâ•”â•â•â•â•â•â–ˆâ–ˆâ•”â•â•â•â•â•   â–ˆâ–ˆâ•”â•â•â–ˆâ–ˆâ•—â–ˆâ–ˆâ•‘
   â–ˆâ–ˆâ•‘   â–ˆâ–ˆâ•‘â–ˆâ–ˆâ•”â–ˆâ–ˆâ–ˆâ–ˆâ•”â–ˆâ–ˆâ•‘â–ˆâ–ˆâ–ˆâ–ˆâ–ˆâ•—â–ˆâ–ˆâ–ˆâ–ˆâ–ˆâ•—â–ˆâ–ˆâ–ˆâ–ˆâ–ˆâ–ˆâ–ˆâ•—â–ˆâ–ˆâ–ˆâ–ˆâ–ˆâ•—  â–ˆâ–ˆâ–ˆâ–ˆâ–ˆâ–ˆâ•”â•â–ˆâ–ˆâ•‘â–ˆâ–ˆâ–ˆâ–ˆâ–ˆâ•—  â–ˆâ–ˆâ–ˆâ–ˆâ–ˆâ–ˆâ–ˆâ•—   â–ˆâ–ˆâ–ˆâ–ˆâ–ˆâ–ˆâ–ˆâ•‘â–ˆâ–ˆâ•‘
   â–ˆâ–ˆâ•‘   â–ˆâ–ˆâ•‘â–ˆâ–ˆâ•‘â•šâ–ˆâ–ˆâ•”â•â–ˆâ–ˆâ•‘â–ˆâ–ˆâ•”â•â•â•â•šâ•â•â•â•â•â•šâ•â•â•â•â–ˆâ–ˆâ•‘â–ˆâ–ˆâ•”â•â•â•  â–ˆâ–ˆâ•”â•â•â–ˆâ–ˆâ•—â–ˆâ–ˆâ•‘â–ˆâ–ˆâ•”â•â•â•  â•šâ•â•â•â•â–ˆâ–ˆâ•‘   â–ˆâ–ˆâ•”â•â•â–ˆâ–ˆâ•‘â–ˆâ–ˆâ•‘
   â–ˆâ–ˆâ•‘   â–ˆâ–ˆâ•‘â–ˆâ–ˆâ•‘ â•šâ•â• â–ˆâ–ˆâ•‘â–ˆâ–ˆâ–ˆâ–ˆâ–ˆâ–ˆâ–ˆâ•—    â–ˆâ–ˆâ–ˆâ–ˆâ–ˆâ–ˆâ–ˆâ•‘â–ˆâ–ˆâ–ˆâ–ˆâ–ˆâ–ˆâ–ˆâ•—â–ˆâ–ˆâ•‘  â–ˆâ–ˆâ•‘â–ˆâ–ˆâ•‘â–ˆâ–ˆâ–ˆâ–ˆâ–ˆâ–ˆâ–ˆâ•—â–ˆâ–ˆâ–ˆâ–ˆâ–ˆâ–ˆâ–ˆâ•‘â–ˆâ–ˆâ•—â–ˆâ–ˆâ•‘  â–ˆâ–ˆâ•‘â–ˆâ–ˆâ•‘
   â•šâ•â•   â•šâ•â•â•šâ•â•     â•šâ•â•â•šâ•â•â•â•â•â•â•    â•šâ•â•â•â•â•â•â•â•šâ•â•â•â•â•â•â•â•šâ•â•  â•šâ•â•â•šâ•â•â•šâ•â•â•â•â•â•â•â•šâ•â•â•â•â•â•â•â•šâ•â•â•šâ•â•  â•šâ•â•â•šâ•â•
ai4ts v0.0.3 - building AI for unified time-series analysis, https://time-series.ai [0m

Use Train GPT: False
Use Lora: False
Use Profiling: True
ğŸš€ Running imputation pipeline for model: gpt4ts
â„¹ï¸ TSDB migration not needed, directory exists: /home/23r8105_messou/lab/iPyPOTS/datasets
2025-08-24 02:02:14 [INFO]: Have set the random seed as 2025 for numpy and pytorch.
2025-08-24 02:02:14 [INFO]: You're using dataset physionet_2012, please cite it properly in your work. You can find its reference information at the below link: 
https://github.com/WenjieDu/TSDB/tree/main/dataset_profiles/physionet_2012
2025-08-24 02:02:14 [INFO]: Dataset physionet_2012 has already been downloaded. Processing directly...
2025-08-24 02:02:14 [INFO]: Dataset physionet_2012 has already been cached. Loading from cache directly...
2025-08-24 02:02:14 [INFO]: Loaded successfully!
/home/23r8105_messou/anaconda3/envs/pypots/lib/python3.12/site-packages/benchpots/datasets/physionet_2012.py:109: FutureWarning: DataFrameGroupBy.apply operated on the grouping columns. This behavior is deprecated, and in a future version of pandas the grouping columns will be excluded from the operation. Either pass `include_groups=False` to exclude the groupings or explicitly select the grouping columns after groupby to silence this warning.
  X = X.groupby("RecordID").apply(apply_func)
2025-08-24 02:02:22 [WARNING]: Note that physionet_2012 has sparse observations in the time series, hence we don't add additional missing values to the training dataset. 
2025-08-24 02:02:22 [INFO]: 69227 values masked out in the val set as ground truth, take 29.90% of the original observed values
2025-08-24 02:02:22 [INFO]: 85805 values masked out in the test set as ground truth, take 30.11% of the original observed values
2025-08-24 02:02:22 [INFO]: Total sample number: 3997
2025-08-24 02:02:22 [INFO]: Training set size: 2557 (63.97%)
2025-08-24 02:02:22 [INFO]: Validation set size: 640 (16.01%)
2025-08-24 02:02:22 [INFO]: Test set size: 800 (20.02%)
2025-08-24 02:02:22 [INFO]: Number of steps: 48
2025-08-24 02:02:22 [INFO]: Number of features: 37
2025-08-24 02:02:22 [INFO]: Train set missing rate: 79.68%
2025-08-24 02:02:22 [INFO]: Validating set missing rate: 85.72%
2025-08-24 02:02:22 [INFO]: Test set missing rate: 85.98%
âœ… Dataset 'physionet_2012' with missing rate 0.3 loaded at: /home/23r8105_messou/lab/iPyPOTS/datasets/rate_0.3
ğŸš€ Starting GPT4TS training pipeline...
2025-08-24 02:02:22 [INFO]: ğŸ”¥ğŸ”¥ğŸ”¥ğŸ”¥ğŸ”¥ğŸ”¥ğŸ”¥ğŸ”¥ğŸ”¥ğŸ”¥Using device list: ['cuda:6']
2025-08-24 02:02:22 [INFO]: ğŸ”¥ğŸ”¥ğŸ”¥ğŸ”¥ğŸ”¥ğŸ”¥ğŸ”¥ğŸ”¥ğŸ”¥ğŸ”¥Using the given device: cuda:6
2025-08-24 02:02:23 [INFO]: Model files will be saved to output/imputation/cuda:6/gpt4ts/physionet_2012/epoch15/mr0.3_bs32_dm64_ffn64_h2_ly1_proftrue
2025-08-24 02:02:23 [INFO]: Tensorboard file will be saved to output/imputation/cuda:6/gpt4ts/physionet_2012/epoch15/mr0.3_bs32_dm64_ffn64_h2_ly1_proftrue/tensorboard
2025-08-24 02:02:23 [INFO]: Using customized MAE as the training loss function.
2025-08-24 02:02:23 [INFO]: Using customized MSE as the validation metric function.
2025-08-24 02:02:24 [INFO]: Model placed on cuda:6
2025-08-24 02:02:24 [INFO]: GPT4TS initialized with the given hyperparameters.
 â”œâ”€ Total parameters: 46,646,821
 â”œâ”€ Trainable parameters: 906,277
 â””â”€ Trainable ratio: 1.94%
2025-08-24 02:02:25 [ERROR]: âŒ Exception: `predictions` mustn't contain NaN values, but detected NaN in it
Traceback (most recent call last):
  File "/home/23r8105_messou/lab/iPyPOTS/pypots/base.py", line 748, in _train_model
    results = self.model(inputs, calc_criterion=True)
              ^^^^^^^^^^^^^^^^^^^^^^^^^^^^^^^^^^^^^^^
  File "/home/23r8105_messou/anaconda3/envs/pypots/lib/python3.12/site-packages/torch/nn/modules/module.py", line 1736, in _wrapped_call_impl
    return self._call_impl(*args, **kwargs)
           ^^^^^^^^^^^^^^^^^^^^^^^^^^^^^^^^
  File "/home/23r8105_messou/anaconda3/envs/pypots/lib/python3.12/site-packages/torch/nn/modules/module.py", line 1747, in _call_impl
    return forward_call(*args, **kwargs)
           ^^^^^^^^^^^^^^^^^^^^^^^^^^^^^
  File "/home/23r8105_messou/lab/iPyPOTS/pypots/imputation/gpt4ts/core.py", line 78, in forward
    loss = self.training_loss(reconstruction, X_ori, indicating_mask)
           ^^^^^^^^^^^^^^^^^^^^^^^^^^^^^^^^^^^^^^^^^^^^^^^^^^^^^^^^^^
  File "/home/23r8105_messou/anaconda3/envs/pypots/lib/python3.12/site-packages/torch/nn/modules/module.py", line 1736, in _wrapped_call_impl
    return self._call_impl(*args, **kwargs)
           ^^^^^^^^^^^^^^^^^^^^^^^^^^^^^^^^
  File "/home/23r8105_messou/anaconda3/envs/pypots/lib/python3.12/site-packages/torch/nn/modules/module.py", line 1747, in _call_impl
    return forward_call(*args, **kwargs)
           ^^^^^^^^^^^^^^^^^^^^^^^^^^^^^
  File "/home/23r8105_messou/lab/iPyPOTS/pypots/nn/modules/loss.py", line 81, in forward
    value = calc_mae(logits, targets, masks)
            ^^^^^^^^^^^^^^^^^^^^^^^^^^^^^^^^
  File "/home/23r8105_messou/lab/iPyPOTS/pypots/nn/functional/error.py", line 98, in calc_mae
    lib = _check_inputs(predictions, targets, masks)
          ^^^^^^^^^^^^^^^^^^^^^^^^^^^^^^^^^^^^^^^^^^
  File "/home/23r8105_messou/lab/iPyPOTS/pypots/nn/functional/error.py", line 34, in _check_inputs
    assert not lib.isnan(predictions).any(), "`predictions` mustn't contain NaN values, but detected NaN in it"
           ^^^^^^^^^^^^^^^^^^^^^^^^^^^^^^^^
AssertionError: `predictions` mustn't contain NaN values, but detected NaN in it

During handling of the above exception, another exception occurred:

Traceback (most recent call last):
  File "/home/23r8105_messou/lab/iPyPOTS/main.py", line 80, in <module>
    main(args)
  File "/home/23r8105_messou/lab/iPyPOTS/main.py", line 59, in main
    mae, mse, rmse, mre = MODEL_PIPELINES[model_name](dataset, args)
                          ^^^^^^^^^^^^^^^^^^^^^^^^^^^^^^^^^^^^^^^^^^
  File "/home/23r8105_messou/lab/iPyPOTS/pipeline/imputations/gpt4ts.py", line 58, in train_and_evaluate_gpt4ts
    gpt4ts.fit(train_set=train_set, val_set=val_set)
  File "/home/23r8105_messou/lab/iPyPOTS/pypots/imputation/gpt4ts/model.py", line 259, in fit
    self._train_model(train_dataloader, val_dataloader)
  File "/home/23r8105_messou/lab/iPyPOTS/pypots/base.py", line 825, in _train_model
    raise RuntimeError(
RuntimeError: Training got interrupted. Model was not trained. Please investigate the error printed above.
srun: error: ai-gpgpu14: task 0: Exited with exit code 1
âŒ FAIL(1): physionet_2012 | mr0.3_bs32_dm64_ffn64_h2_ly1_proftrue
ğŸ”¥ RUN: gpt4ts | physionet_2012 | mr0.4_bs32_dm64_ffn64_h2_ly1_proftrue (DEVICE=cuda:6, N_STEPS=48, N_FEATURES=35)
[34m
â–ˆâ–ˆâ–ˆâ–ˆâ–ˆâ–ˆâ–ˆâ–ˆâ•—â–ˆâ–ˆâ•—â–ˆâ–ˆâ–ˆâ•—   â–ˆâ–ˆâ–ˆâ•—â–ˆâ–ˆâ–ˆâ–ˆâ–ˆâ–ˆâ–ˆâ•—    â–ˆâ–ˆâ–ˆâ–ˆâ–ˆâ–ˆâ–ˆâ•—â–ˆâ–ˆâ–ˆâ–ˆâ–ˆâ–ˆâ–ˆâ•—â–ˆâ–ˆâ–ˆâ–ˆâ–ˆâ–ˆâ•— â–ˆâ–ˆâ•—â–ˆâ–ˆâ–ˆâ–ˆâ–ˆâ–ˆâ–ˆâ•—â–ˆâ–ˆâ–ˆâ–ˆâ–ˆâ–ˆâ–ˆâ•—    â–ˆâ–ˆâ–ˆâ–ˆâ–ˆâ•— â–ˆâ–ˆâ•—
â•šâ•â•â–ˆâ–ˆâ•”â•â•â•â–ˆâ–ˆâ•‘â–ˆâ–ˆâ–ˆâ–ˆâ•— â–ˆâ–ˆâ–ˆâ–ˆâ•‘â–ˆâ–ˆâ•”â•â•â•â•â•    â–ˆâ–ˆâ•”â•â•â•â•â•â–ˆâ–ˆâ•”â•â•â•â•â•â–ˆâ–ˆâ•”â•â•â–ˆâ–ˆâ•—â–ˆâ–ˆâ•‘â–ˆâ–ˆâ•”â•â•â•â•â•â–ˆâ–ˆâ•”â•â•â•â•â•   â–ˆâ–ˆâ•”â•â•â–ˆâ–ˆâ•—â–ˆâ–ˆâ•‘
   â–ˆâ–ˆâ•‘   â–ˆâ–ˆâ•‘â–ˆâ–ˆâ•”â–ˆâ–ˆâ–ˆâ–ˆâ•”â–ˆâ–ˆâ•‘â–ˆâ–ˆâ–ˆâ–ˆâ–ˆâ•—â–ˆâ–ˆâ–ˆâ–ˆâ–ˆâ•—â–ˆâ–ˆâ–ˆâ–ˆâ–ˆâ–ˆâ–ˆâ•—â–ˆâ–ˆâ–ˆâ–ˆâ–ˆâ•—  â–ˆâ–ˆâ–ˆâ–ˆâ–ˆâ–ˆâ•”â•â–ˆâ–ˆâ•‘â–ˆâ–ˆâ–ˆâ–ˆâ–ˆâ•—  â–ˆâ–ˆâ–ˆâ–ˆâ–ˆâ–ˆâ–ˆâ•—   â–ˆâ–ˆâ–ˆâ–ˆâ–ˆâ–ˆâ–ˆâ•‘â–ˆâ–ˆâ•‘
   â–ˆâ–ˆâ•‘   â–ˆâ–ˆâ•‘â–ˆâ–ˆâ•‘â•šâ–ˆâ–ˆâ•”â•â–ˆâ–ˆâ•‘â–ˆâ–ˆâ•”â•â•â•â•šâ•â•â•â•â•â•šâ•â•â•â•â–ˆâ–ˆâ•‘â–ˆâ–ˆâ•”â•â•â•  â–ˆâ–ˆâ•”â•â•â–ˆâ–ˆâ•—â–ˆâ–ˆâ•‘â–ˆâ–ˆâ•”â•â•â•  â•šâ•â•â•â•â–ˆâ–ˆâ•‘   â–ˆâ–ˆâ•”â•â•â–ˆâ–ˆâ•‘â–ˆâ–ˆâ•‘
   â–ˆâ–ˆâ•‘   â–ˆâ–ˆâ•‘â–ˆâ–ˆâ•‘ â•šâ•â• â–ˆâ–ˆâ•‘â–ˆâ–ˆâ–ˆâ–ˆâ–ˆâ–ˆâ–ˆâ•—    â–ˆâ–ˆâ–ˆâ–ˆâ–ˆâ–ˆâ–ˆâ•‘â–ˆâ–ˆâ–ˆâ–ˆâ–ˆâ–ˆâ–ˆâ•—â–ˆâ–ˆâ•‘  â–ˆâ–ˆâ•‘â–ˆâ–ˆâ•‘â–ˆâ–ˆâ–ˆâ–ˆâ–ˆâ–ˆâ–ˆâ•—â–ˆâ–ˆâ–ˆâ–ˆâ–ˆâ–ˆâ–ˆâ•‘â–ˆâ–ˆâ•—â–ˆâ–ˆâ•‘  â–ˆâ–ˆâ•‘â–ˆâ–ˆâ•‘
   â•šâ•â•   â•šâ•â•â•šâ•â•     â•šâ•â•â•šâ•â•â•â•â•â•â•    â•šâ•â•â•â•â•â•â•â•šâ•â•â•â•â•â•â•â•šâ•â•  â•šâ•â•â•šâ•â•â•šâ•â•â•â•â•â•â•â•šâ•â•â•â•â•â•â•â•šâ•â•â•šâ•â•  â•šâ•â•â•šâ•â•
ai4ts v0.0.3 - building AI for unified time-series analysis, https://time-series.ai [0m

Use Train GPT: False
Use Lora: False
Use Profiling: True
ğŸš€ Running imputation pipeline for model: gpt4ts
â„¹ï¸ TSDB migration not needed, directory exists: /home/23r8105_messou/lab/iPyPOTS/datasets
2025-08-24 02:03:11 [INFO]: Have set the random seed as 2025 for numpy and pytorch.
2025-08-24 02:03:11 [INFO]: You're using dataset physionet_2012, please cite it properly in your work. You can find its reference information at the below link: 
https://github.com/WenjieDu/TSDB/tree/main/dataset_profiles/physionet_2012
2025-08-24 02:03:11 [INFO]: Dataset physionet_2012 has already been downloaded. Processing directly...
2025-08-24 02:03:11 [INFO]: Dataset physionet_2012 has already been cached. Loading from cache directly...
2025-08-24 02:03:11 [INFO]: Loaded successfully!
/home/23r8105_messou/anaconda3/envs/pypots/lib/python3.12/site-packages/benchpots/datasets/physionet_2012.py:109: FutureWarning: DataFrameGroupBy.apply operated on the grouping columns. This behavior is deprecated, and in a future version of pandas the grouping columns will be excluded from the operation. Either pass `include_groups=False` to exclude the groupings or explicitly select the grouping columns after groupby to silence this warning.
  X = X.groupby("RecordID").apply(apply_func)
2025-08-24 02:03:19 [WARNING]: Note that physionet_2012 has sparse observations in the time series, hence we don't add additional missing values to the training dataset. 
2025-08-24 02:03:19 [INFO]: 92507 values masked out in the val set as ground truth, take 39.95% of the original observed values
2025-08-24 02:03:19 [INFO]: 114242 values masked out in the test set as ground truth, take 40.09% of the original observed values
2025-08-24 02:03:19 [INFO]: Total sample number: 3997
2025-08-24 02:03:19 [INFO]: Training set size: 2557 (63.97%)
2025-08-24 02:03:19 [INFO]: Validation set size: 640 (16.01%)
2025-08-24 02:03:19 [INFO]: Test set size: 800 (20.02%)
2025-08-24 02:03:19 [INFO]: Number of steps: 48
2025-08-24 02:03:19 [INFO]: Number of features: 37
2025-08-24 02:03:19 [INFO]: Train set missing rate: 79.68%
2025-08-24 02:03:19 [INFO]: Validating set missing rate: 87.77%
2025-08-24 02:03:19 [INFO]: Test set missing rate: 87.98%
âœ… Dataset 'physionet_2012' with missing rate 0.4 loaded at: /home/23r8105_messou/lab/iPyPOTS/datasets/rate_0.4
ğŸš€ Starting GPT4TS training pipeline...
2025-08-24 02:03:19 [INFO]: ğŸ”¥ğŸ”¥ğŸ”¥ğŸ”¥ğŸ”¥ğŸ”¥ğŸ”¥ğŸ”¥ğŸ”¥ğŸ”¥Using device list: ['cuda:6']
2025-08-24 02:03:19 [INFO]: ğŸ”¥ğŸ”¥ğŸ”¥ğŸ”¥ğŸ”¥ğŸ”¥ğŸ”¥ğŸ”¥ğŸ”¥ğŸ”¥Using the given device: cuda:6
2025-08-24 02:03:20 [INFO]: Model files will be saved to output/imputation/cuda:6/gpt4ts/physionet_2012/epoch15/mr0.4_bs32_dm64_ffn64_h2_ly1_proftrue
2025-08-24 02:03:20 [INFO]: Tensorboard file will be saved to output/imputation/cuda:6/gpt4ts/physionet_2012/epoch15/mr0.4_bs32_dm64_ffn64_h2_ly1_proftrue/tensorboard
2025-08-24 02:03:20 [INFO]: Using customized MAE as the training loss function.
2025-08-24 02:03:20 [INFO]: Using customized MSE as the validation metric function.
2025-08-24 02:03:21 [INFO]: Model placed on cuda:6
2025-08-24 02:03:21 [INFO]: GPT4TS initialized with the given hyperparameters.
 â”œâ”€ Total parameters: 46,646,821
 â”œâ”€ Trainable parameters: 906,277
 â””â”€ Trainable ratio: 1.94%
2025-08-24 02:03:22 [ERROR]: âŒ Exception: `predictions` mustn't contain NaN values, but detected NaN in it
Traceback (most recent call last):
  File "/home/23r8105_messou/lab/iPyPOTS/pypots/base.py", line 748, in _train_model
    results = self.model(inputs, calc_criterion=True)
              ^^^^^^^^^^^^^^^^^^^^^^^^^^^^^^^^^^^^^^^
  File "/home/23r8105_messou/anaconda3/envs/pypots/lib/python3.12/site-packages/torch/nn/modules/module.py", line 1736, in _wrapped_call_impl
    return self._call_impl(*args, **kwargs)
           ^^^^^^^^^^^^^^^^^^^^^^^^^^^^^^^^
  File "/home/23r8105_messou/anaconda3/envs/pypots/lib/python3.12/site-packages/torch/nn/modules/module.py", line 1747, in _call_impl
    return forward_call(*args, **kwargs)
           ^^^^^^^^^^^^^^^^^^^^^^^^^^^^^
  File "/home/23r8105_messou/lab/iPyPOTS/pypots/imputation/gpt4ts/core.py", line 78, in forward
    loss = self.training_loss(reconstruction, X_ori, indicating_mask)
           ^^^^^^^^^^^^^^^^^^^^^^^^^^^^^^^^^^^^^^^^^^^^^^^^^^^^^^^^^^
  File "/home/23r8105_messou/anaconda3/envs/pypots/lib/python3.12/site-packages/torch/nn/modules/module.py", line 1736, in _wrapped_call_impl
    return self._call_impl(*args, **kwargs)
           ^^^^^^^^^^^^^^^^^^^^^^^^^^^^^^^^
  File "/home/23r8105_messou/anaconda3/envs/pypots/lib/python3.12/site-packages/torch/nn/modules/module.py", line 1747, in _call_impl
    return forward_call(*args, **kwargs)
           ^^^^^^^^^^^^^^^^^^^^^^^^^^^^^
  File "/home/23r8105_messou/lab/iPyPOTS/pypots/nn/modules/loss.py", line 81, in forward
    value = calc_mae(logits, targets, masks)
            ^^^^^^^^^^^^^^^^^^^^^^^^^^^^^^^^
  File "/home/23r8105_messou/lab/iPyPOTS/pypots/nn/functional/error.py", line 98, in calc_mae
    lib = _check_inputs(predictions, targets, masks)
          ^^^^^^^^^^^^^^^^^^^^^^^^^^^^^^^^^^^^^^^^^^
  File "/home/23r8105_messou/lab/iPyPOTS/pypots/nn/functional/error.py", line 34, in _check_inputs
    assert not lib.isnan(predictions).any(), "`predictions` mustn't contain NaN values, but detected NaN in it"
           ^^^^^^^^^^^^^^^^^^^^^^^^^^^^^^^^
AssertionError: `predictions` mustn't contain NaN values, but detected NaN in it

During handling of the above exception, another exception occurred:

Traceback (most recent call last):
  File "/home/23r8105_messou/lab/iPyPOTS/main.py", line 80, in <module>
    main(args)
  File "/home/23r8105_messou/lab/iPyPOTS/main.py", line 59, in main
    mae, mse, rmse, mre = MODEL_PIPELINES[model_name](dataset, args)
                          ^^^^^^^^^^^^^^^^^^^^^^^^^^^^^^^^^^^^^^^^^^
  File "/home/23r8105_messou/lab/iPyPOTS/pipeline/imputations/gpt4ts.py", line 58, in train_and_evaluate_gpt4ts
    gpt4ts.fit(train_set=train_set, val_set=val_set)
  File "/home/23r8105_messou/lab/iPyPOTS/pypots/imputation/gpt4ts/model.py", line 259, in fit
    self._train_model(train_dataloader, val_dataloader)
  File "/home/23r8105_messou/lab/iPyPOTS/pypots/base.py", line 825, in _train_model
    raise RuntimeError(
RuntimeError: Training got interrupted. Model was not trained. Please investigate the error printed above.
srun: error: ai-gpgpu14: task 0: Exited with exit code 1
âŒ FAIL(1): physionet_2012 | mr0.4_bs32_dm64_ffn64_h2_ly1_proftrue
ğŸ”¥ RUN: gpt4ts | physionet_2012 | mr0.5_bs32_dm64_ffn64_h2_ly1_proftrue (DEVICE=cuda:6, N_STEPS=48, N_FEATURES=35)
[34m
â–ˆâ–ˆâ–ˆâ–ˆâ–ˆâ–ˆâ–ˆâ–ˆâ•—â–ˆâ–ˆâ•—â–ˆâ–ˆâ–ˆâ•—   â–ˆâ–ˆâ–ˆâ•—â–ˆâ–ˆâ–ˆâ–ˆâ–ˆâ–ˆâ–ˆâ•—    â–ˆâ–ˆâ–ˆâ–ˆâ–ˆâ–ˆâ–ˆâ•—â–ˆâ–ˆâ–ˆâ–ˆâ–ˆâ–ˆâ–ˆâ•—â–ˆâ–ˆâ–ˆâ–ˆâ–ˆâ–ˆâ•— â–ˆâ–ˆâ•—â–ˆâ–ˆâ–ˆâ–ˆâ–ˆâ–ˆâ–ˆâ•—â–ˆâ–ˆâ–ˆâ–ˆâ–ˆâ–ˆâ–ˆâ•—    â–ˆâ–ˆâ–ˆâ–ˆâ–ˆâ•— â–ˆâ–ˆâ•—
â•šâ•â•â–ˆâ–ˆâ•”â•â•â•â–ˆâ–ˆâ•‘â–ˆâ–ˆâ–ˆâ–ˆâ•— â–ˆâ–ˆâ–ˆâ–ˆâ•‘â–ˆâ–ˆâ•”â•â•â•â•â•    â–ˆâ–ˆâ•”â•â•â•â•â•â–ˆâ–ˆâ•”â•â•â•â•â•â–ˆâ–ˆâ•”â•â•â–ˆâ–ˆâ•—â–ˆâ–ˆâ•‘â–ˆâ–ˆâ•”â•â•â•â•â•â–ˆâ–ˆâ•”â•â•â•â•â•   â–ˆâ–ˆâ•”â•â•â–ˆâ–ˆâ•—â–ˆâ–ˆâ•‘
   â–ˆâ–ˆâ•‘   â–ˆâ–ˆâ•‘â–ˆâ–ˆâ•”â–ˆâ–ˆâ–ˆâ–ˆâ•”â–ˆâ–ˆâ•‘â–ˆâ–ˆâ–ˆâ–ˆâ–ˆâ•—â–ˆâ–ˆâ–ˆâ–ˆâ–ˆâ•—â–ˆâ–ˆâ–ˆâ–ˆâ–ˆâ–ˆâ–ˆâ•—â–ˆâ–ˆâ–ˆâ–ˆâ–ˆâ•—  â–ˆâ–ˆâ–ˆâ–ˆâ–ˆâ–ˆâ•”â•â–ˆâ–ˆâ•‘â–ˆâ–ˆâ–ˆâ–ˆâ–ˆâ•—  â–ˆâ–ˆâ–ˆâ–ˆâ–ˆâ–ˆâ–ˆâ•—   â–ˆâ–ˆâ–ˆâ–ˆâ–ˆâ–ˆâ–ˆâ•‘â–ˆâ–ˆâ•‘
   â–ˆâ–ˆâ•‘   â–ˆâ–ˆâ•‘â–ˆâ–ˆâ•‘â•šâ–ˆâ–ˆâ•”â•â–ˆâ–ˆâ•‘â–ˆâ–ˆâ•”â•â•â•â•šâ•â•â•â•â•â•šâ•â•â•â•â–ˆâ–ˆâ•‘â–ˆâ–ˆâ•”â•â•â•  â–ˆâ–ˆâ•”â•â•â–ˆâ–ˆâ•—â–ˆâ–ˆâ•‘â–ˆâ–ˆâ•”â•â•â•  â•šâ•â•â•â•â–ˆâ–ˆâ•‘   â–ˆâ–ˆâ•”â•â•â–ˆâ–ˆâ•‘â–ˆâ–ˆâ•‘
   â–ˆâ–ˆâ•‘   â–ˆâ–ˆâ•‘â–ˆâ–ˆâ•‘ â•šâ•â• â–ˆâ–ˆâ•‘â–ˆâ–ˆâ–ˆâ–ˆâ–ˆâ–ˆâ–ˆâ•—    â–ˆâ–ˆâ–ˆâ–ˆâ–ˆâ–ˆâ–ˆâ•‘â–ˆâ–ˆâ–ˆâ–ˆâ–ˆâ–ˆâ–ˆâ•—â–ˆâ–ˆâ•‘  â–ˆâ–ˆâ•‘â–ˆâ–ˆâ•‘â–ˆâ–ˆâ–ˆâ–ˆâ–ˆâ–ˆâ–ˆâ•—â–ˆâ–ˆâ–ˆâ–ˆâ–ˆâ–ˆâ–ˆâ•‘â–ˆâ–ˆâ•—â–ˆâ–ˆâ•‘  â–ˆâ–ˆâ•‘â–ˆâ–ˆâ•‘
   â•šâ•â•   â•šâ•â•â•šâ•â•     â•šâ•â•â•šâ•â•â•â•â•â•â•    â•šâ•â•â•â•â•â•â•â•šâ•â•â•â•â•â•â•â•šâ•â•  â•šâ•â•â•šâ•â•â•šâ•â•â•â•â•â•â•â•šâ•â•â•â•â•â•â•â•šâ•â•â•šâ•â•  â•šâ•â•â•šâ•â•
ai4ts v0.0.3 - building AI for unified time-series analysis, https://time-series.ai [0m

Use Train GPT: False
Use Lora: False
Use Profiling: True
ğŸš€ Running imputation pipeline for model: gpt4ts
â„¹ï¸ TSDB migration not needed, directory exists: /home/23r8105_messou/lab/iPyPOTS/datasets
2025-08-24 02:03:55 [INFO]: Have set the random seed as 2025 for numpy and pytorch.
2025-08-24 02:03:55 [INFO]: You're using dataset physionet_2012, please cite it properly in your work. You can find its reference information at the below link: 
https://github.com/WenjieDu/TSDB/tree/main/dataset_profiles/physionet_2012
2025-08-24 02:03:55 [INFO]: Dataset physionet_2012 has already been downloaded. Processing directly...
2025-08-24 02:03:55 [INFO]: Dataset physionet_2012 has already been cached. Loading from cache directly...
2025-08-24 02:03:55 [INFO]: Loaded successfully!
/home/23r8105_messou/anaconda3/envs/pypots/lib/python3.12/site-packages/benchpots/datasets/physionet_2012.py:109: FutureWarning: DataFrameGroupBy.apply operated on the grouping columns. This behavior is deprecated, and in a future version of pandas the grouping columns will be excluded from the operation. Either pass `include_groups=False` to exclude the groupings or explicitly select the grouping columns after groupby to silence this warning.
  X = X.groupby("RecordID").apply(apply_func)
2025-08-24 02:04:02 [WARNING]: Note that physionet_2012 has sparse observations in the time series, hence we don't add additional missing values to the training dataset. 
2025-08-24 02:04:02 [INFO]: 115521 values masked out in the val set as ground truth, take 49.89% of the original observed values
2025-08-24 02:04:02 [INFO]: 142704 values masked out in the test set as ground truth, take 50.08% of the original observed values
2025-08-24 02:04:02 [INFO]: Total sample number: 3997
2025-08-24 02:04:02 [INFO]: Training set size: 2557 (63.97%)
2025-08-24 02:04:02 [INFO]: Validation set size: 640 (16.01%)
2025-08-24 02:04:02 [INFO]: Test set size: 800 (20.02%)
2025-08-24 02:04:02 [INFO]: Number of steps: 48
2025-08-24 02:04:02 [INFO]: Number of features: 37
2025-08-24 02:04:02 [INFO]: Train set missing rate: 79.68%
2025-08-24 02:04:02 [INFO]: Validating set missing rate: 89.79%
2025-08-24 02:04:02 [INFO]: Test set missing rate: 89.99%
âœ… Dataset 'physionet_2012' with missing rate 0.5 loaded at: /home/23r8105_messou/lab/iPyPOTS/datasets/rate_0.5
ğŸš€ Starting GPT4TS training pipeline...
2025-08-24 02:04:02 [INFO]: ğŸ”¥ğŸ”¥ğŸ”¥ğŸ”¥ğŸ”¥ğŸ”¥ğŸ”¥ğŸ”¥ğŸ”¥ğŸ”¥Using device list: ['cuda:6']
2025-08-24 02:04:02 [INFO]: ğŸ”¥ğŸ”¥ğŸ”¥ğŸ”¥ğŸ”¥ğŸ”¥ğŸ”¥ğŸ”¥ğŸ”¥ğŸ”¥Using the given device: cuda:6
2025-08-24 02:04:03 [INFO]: Model files will be saved to output/imputation/cuda:6/gpt4ts/physionet_2012/epoch15/mr0.5_bs32_dm64_ffn64_h2_ly1_proftrue
2025-08-24 02:04:03 [INFO]: Tensorboard file will be saved to output/imputation/cuda:6/gpt4ts/physionet_2012/epoch15/mr0.5_bs32_dm64_ffn64_h2_ly1_proftrue/tensorboard
2025-08-24 02:04:03 [INFO]: Using customized MAE as the training loss function.
2025-08-24 02:04:03 [INFO]: Using customized MSE as the validation metric function.
2025-08-24 02:04:04 [INFO]: Model placed on cuda:6
2025-08-24 02:04:04 [INFO]: GPT4TS initialized with the given hyperparameters.
 â”œâ”€ Total parameters: 46,646,821
 â”œâ”€ Trainable parameters: 906,277
 â””â”€ Trainable ratio: 1.94%
2025-08-24 02:04:05 [ERROR]: âŒ Exception: `predictions` mustn't contain NaN values, but detected NaN in it
Traceback (most recent call last):
  File "/home/23r8105_messou/lab/iPyPOTS/pypots/base.py", line 748, in _train_model
    results = self.model(inputs, calc_criterion=True)
              ^^^^^^^^^^^^^^^^^^^^^^^^^^^^^^^^^^^^^^^
  File "/home/23r8105_messou/anaconda3/envs/pypots/lib/python3.12/site-packages/torch/nn/modules/module.py", line 1736, in _wrapped_call_impl
    return self._call_impl(*args, **kwargs)
           ^^^^^^^^^^^^^^^^^^^^^^^^^^^^^^^^
  File "/home/23r8105_messou/anaconda3/envs/pypots/lib/python3.12/site-packages/torch/nn/modules/module.py", line 1747, in _call_impl
    return forward_call(*args, **kwargs)
           ^^^^^^^^^^^^^^^^^^^^^^^^^^^^^
  File "/home/23r8105_messou/lab/iPyPOTS/pypots/imputation/gpt4ts/core.py", line 78, in forward
    loss = self.training_loss(reconstruction, X_ori, indicating_mask)
           ^^^^^^^^^^^^^^^^^^^^^^^^^^^^^^^^^^^^^^^^^^^^^^^^^^^^^^^^^^
  File "/home/23r8105_messou/anaconda3/envs/pypots/lib/python3.12/site-packages/torch/nn/modules/module.py", line 1736, in _wrapped_call_impl
    return self._call_impl(*args, **kwargs)
           ^^^^^^^^^^^^^^^^^^^^^^^^^^^^^^^^
  File "/home/23r8105_messou/anaconda3/envs/pypots/lib/python3.12/site-packages/torch/nn/modules/module.py", line 1747, in _call_impl
    return forward_call(*args, **kwargs)
           ^^^^^^^^^^^^^^^^^^^^^^^^^^^^^
  File "/home/23r8105_messou/lab/iPyPOTS/pypots/nn/modules/loss.py", line 81, in forward
    value = calc_mae(logits, targets, masks)
            ^^^^^^^^^^^^^^^^^^^^^^^^^^^^^^^^
  File "/home/23r8105_messou/lab/iPyPOTS/pypots/nn/functional/error.py", line 98, in calc_mae
    lib = _check_inputs(predictions, targets, masks)
          ^^^^^^^^^^^^^^^^^^^^^^^^^^^^^^^^^^^^^^^^^^
  File "/home/23r8105_messou/lab/iPyPOTS/pypots/nn/functional/error.py", line 34, in _check_inputs
    assert not lib.isnan(predictions).any(), "`predictions` mustn't contain NaN values, but detected NaN in it"
           ^^^^^^^^^^^^^^^^^^^^^^^^^^^^^^^^
AssertionError: `predictions` mustn't contain NaN values, but detected NaN in it

During handling of the above exception, another exception occurred:

Traceback (most recent call last):
  File "/home/23r8105_messou/lab/iPyPOTS/main.py", line 80, in <module>
    main(args)
  File "/home/23r8105_messou/lab/iPyPOTS/main.py", line 59, in main
    mae, mse, rmse, mre = MODEL_PIPELINES[model_name](dataset, args)
                          ^^^^^^^^^^^^^^^^^^^^^^^^^^^^^^^^^^^^^^^^^^
  File "/home/23r8105_messou/lab/iPyPOTS/pipeline/imputations/gpt4ts.py", line 58, in train_and_evaluate_gpt4ts
    gpt4ts.fit(train_set=train_set, val_set=val_set)
  File "/home/23r8105_messou/lab/iPyPOTS/pypots/imputation/gpt4ts/model.py", line 259, in fit
    self._train_model(train_dataloader, val_dataloader)
  File "/home/23r8105_messou/lab/iPyPOTS/pypots/base.py", line 825, in _train_model
    raise RuntimeError(
RuntimeError: Training got interrupted. Model was not trained. Please investigate the error printed above.
srun: error: ai-gpgpu14: task 0: Exited with exit code 1
âŒ FAIL(1): physionet_2012 | mr0.5_bs32_dm64_ffn64_h2_ly1_proftrue
ğŸ”¥ RUN: gpt4ts | beijing_multisite_air_quality | mr0.1_bs32_dm64_ffn64_h2_ly1_proftrue (DEVICE=cuda:6, N_STEPS=48, N_FEATURES=36)
[34m
â–ˆâ–ˆâ–ˆâ–ˆâ–ˆâ–ˆâ–ˆâ–ˆâ•—â–ˆâ–ˆâ•—â–ˆâ–ˆâ–ˆâ•—   â–ˆâ–ˆâ–ˆâ•—â–ˆâ–ˆâ–ˆâ–ˆâ–ˆâ–ˆâ–ˆâ•—    â–ˆâ–ˆâ–ˆâ–ˆâ–ˆâ–ˆâ–ˆâ•—â–ˆâ–ˆâ–ˆâ–ˆâ–ˆâ–ˆâ–ˆâ•—â–ˆâ–ˆâ–ˆâ–ˆâ–ˆâ–ˆâ•— â–ˆâ–ˆâ•—â–ˆâ–ˆâ–ˆâ–ˆâ–ˆâ–ˆâ–ˆâ•—â–ˆâ–ˆâ–ˆâ–ˆâ–ˆâ–ˆâ–ˆâ•—    â–ˆâ–ˆâ–ˆâ–ˆâ–ˆâ•— â–ˆâ–ˆâ•—
â•šâ•â•â–ˆâ–ˆâ•”â•â•â•â–ˆâ–ˆâ•‘â–ˆâ–ˆâ–ˆâ–ˆâ•— â–ˆâ–ˆâ–ˆâ–ˆâ•‘â–ˆâ–ˆâ•”â•â•â•â•â•    â–ˆâ–ˆâ•”â•â•â•â•â•â–ˆâ–ˆâ•”â•â•â•â•â•â–ˆâ–ˆâ•”â•â•â–ˆâ–ˆâ•—â–ˆâ–ˆâ•‘â–ˆâ–ˆâ•”â•â•â•â•â•â–ˆâ–ˆâ•”â•â•â•â•â•   â–ˆâ–ˆâ•”â•â•â–ˆâ–ˆâ•—â–ˆâ–ˆâ•‘
   â–ˆâ–ˆâ•‘   â–ˆâ–ˆâ•‘â–ˆâ–ˆâ•”â–ˆâ–ˆâ–ˆâ–ˆâ•”â–ˆâ–ˆâ•‘â–ˆâ–ˆâ–ˆâ–ˆâ–ˆâ•—â–ˆâ–ˆâ–ˆâ–ˆâ–ˆâ•—â–ˆâ–ˆâ–ˆâ–ˆâ–ˆâ–ˆâ–ˆâ•—â–ˆâ–ˆâ–ˆâ–ˆâ–ˆâ•—  â–ˆâ–ˆâ–ˆâ–ˆâ–ˆâ–ˆâ•”â•â–ˆâ–ˆâ•‘â–ˆâ–ˆâ–ˆâ–ˆâ–ˆâ•—  â–ˆâ–ˆâ–ˆâ–ˆâ–ˆâ–ˆâ–ˆâ•—   â–ˆâ–ˆâ–ˆâ–ˆâ–ˆâ–ˆâ–ˆâ•‘â–ˆâ–ˆâ•‘
   â–ˆâ–ˆâ•‘   â–ˆâ–ˆâ•‘â–ˆâ–ˆâ•‘â•šâ–ˆâ–ˆâ•”â•â–ˆâ–ˆâ•‘â–ˆâ–ˆâ•”â•â•â•â•šâ•â•â•â•â•â•šâ•â•â•â•â–ˆâ–ˆâ•‘â–ˆâ–ˆâ•”â•â•â•  â–ˆâ–ˆâ•”â•â•â–ˆâ–ˆâ•—â–ˆâ–ˆâ•‘â–ˆâ–ˆâ•”â•â•â•  â•šâ•â•â•â•â–ˆâ–ˆâ•‘   â–ˆâ–ˆâ•”â•â•â–ˆâ–ˆâ•‘â–ˆâ–ˆâ•‘
   â–ˆâ–ˆâ•‘   â–ˆâ–ˆâ•‘â–ˆâ–ˆâ•‘ â•šâ•â• â–ˆâ–ˆâ•‘â–ˆâ–ˆâ–ˆâ–ˆâ–ˆâ–ˆâ–ˆâ•—    â–ˆâ–ˆâ–ˆâ–ˆâ–ˆâ–ˆâ–ˆâ•‘â–ˆâ–ˆâ–ˆâ–ˆâ–ˆâ–ˆâ–ˆâ•—â–ˆâ–ˆâ•‘  â–ˆâ–ˆâ•‘â–ˆâ–ˆâ•‘â–ˆâ–ˆâ–ˆâ–ˆâ–ˆâ–ˆâ–ˆâ•—â–ˆâ–ˆâ–ˆâ–ˆâ–ˆâ–ˆâ–ˆâ•‘â–ˆâ–ˆâ•—â–ˆâ–ˆâ•‘  â–ˆâ–ˆâ•‘â–ˆâ–ˆâ•‘
   â•šâ•â•   â•šâ•â•â•šâ•â•     â•šâ•â•â•šâ•â•â•â•â•â•â•    â•šâ•â•â•â•â•â•â•â•šâ•â•â•â•â•â•â•â•šâ•â•  â•šâ•â•â•šâ•â•â•šâ•â•â•â•â•â•â•â•šâ•â•â•â•â•â•â•â•šâ•â•â•šâ•â•  â•šâ•â•â•šâ•â•
ai4ts v0.0.3 - building AI for unified time-series analysis, https://time-series.ai [0m

Use Train GPT: False
Use Lora: False
Use Profiling: True
ğŸš€ Running imputation pipeline for model: gpt4ts
â„¹ï¸ TSDB migration not needed, directory exists: /home/23r8105_messou/lab/iPyPOTS/datasets
2025-08-24 02:04:43 [INFO]: Have set the random seed as 2025 for numpy and pytorch.
2025-08-24 02:04:43 [INFO]: You're using dataset beijing_multisite_air_quality, please cite it properly in your work. You can find its reference information at the below link: 
https://github.com/WenjieDu/TSDB/tree/main/dataset_profiles/beijing_multisite_air_quality
2025-08-24 02:04:43 [INFO]: Dataset beijing_multisite_air_quality has already been downloaded. Processing directly...
2025-08-24 02:04:43 [INFO]: Dataset beijing_multisite_air_quality has already been cached. Loading from cache directly...
2025-08-24 02:04:43 [INFO]: Loaded successfully!
2025-08-24 02:04:43 [INFO]: Current dataframe shape: (35064, 18)
/home/23r8105_messou/anaconda3/envs/pypots/lib/python3.12/site-packages/benchpots/datasets/beijing_multisite_air_quality.py:60: SettingWithCopyWarning: 
A value is trying to be set on a copy of a slice from a DataFrame.
Try using .loc[row_indexer,col_indexer] = value instead

See the caveats in the documentation: https://pandas.pydata.org/pandas-docs/stable/user_guide/indexing.html#returning-a-view-versus-a-copy
  current_df["date_time"] = pd.to_datetime(
2025-08-24 02:04:43 [INFO]: Current dataframe shape: (35064, 18)
/home/23r8105_messou/anaconda3/envs/pypots/lib/python3.12/site-packages/benchpots/datasets/beijing_multisite_air_quality.py:60: SettingWithCopyWarning: 
A value is trying to be set on a copy of a slice from a DataFrame.
Try using .loc[row_indexer,col_indexer] = value instead

See the caveats in the documentation: https://pandas.pydata.org/pandas-docs/stable/user_guide/indexing.html#returning-a-view-versus-a-copy
  current_df["date_time"] = pd.to_datetime(
2025-08-24 02:04:43 [INFO]: Current dataframe shape: (35064, 18)
/home/23r8105_messou/anaconda3/envs/pypots/lib/python3.12/site-packages/benchpots/datasets/beijing_multisite_air_quality.py:60: SettingWithCopyWarning: 
A value is trying to be set on a copy of a slice from a DataFrame.
Try using .loc[row_indexer,col_indexer] = value instead

See the caveats in the documentation: https://pandas.pydata.org/pandas-docs/stable/user_guide/indexing.html#returning-a-view-versus-a-copy
  current_df["date_time"] = pd.to_datetime(
2025-08-24 02:04:43 [INFO]: Current dataframe shape: (35064, 18)
/home/23r8105_messou/anaconda3/envs/pypots/lib/python3.12/site-packages/benchpots/datasets/beijing_multisite_air_quality.py:60: SettingWithCopyWarning: 
A value is trying to be set on a copy of a slice from a DataFrame.
Try using .loc[row_indexer,col_indexer] = value instead

See the caveats in the documentation: https://pandas.pydata.org/pandas-docs/stable/user_guide/indexing.html#returning-a-view-versus-a-copy
  current_df["date_time"] = pd.to_datetime(
2025-08-24 02:04:43 [INFO]: Current dataframe shape: (35064, 18)
/home/23r8105_messou/anaconda3/envs/pypots/lib/python3.12/site-packages/benchpots/datasets/beijing_multisite_air_quality.py:60: SettingWithCopyWarning: 
A value is trying to be set on a copy of a slice from a DataFrame.
Try using .loc[row_indexer,col_indexer] = value instead

See the caveats in the documentation: https://pandas.pydata.org/pandas-docs/stable/user_guide/indexing.html#returning-a-view-versus-a-copy
  current_df["date_time"] = pd.to_datetime(
2025-08-24 02:04:43 [INFO]: Current dataframe shape: (35064, 18)
/home/23r8105_messou/anaconda3/envs/pypots/lib/python3.12/site-packages/benchpots/datasets/beijing_multisite_air_quality.py:60: SettingWithCopyWarning: 
A value is trying to be set on a copy of a slice from a DataFrame.
Try using .loc[row_indexer,col_indexer] = value instead

See the caveats in the documentation: https://pandas.pydata.org/pandas-docs/stable/user_guide/indexing.html#returning-a-view-versus-a-copy
  current_df["date_time"] = pd.to_datetime(
2025-08-24 02:04:43 [INFO]: Current dataframe shape: (35064, 18)
/home/23r8105_messou/anaconda3/envs/pypots/lib/python3.12/site-packages/benchpots/datasets/beijing_multisite_air_quality.py:60: SettingWithCopyWarning: 
A value is trying to be set on a copy of a slice from a DataFrame.
Try using .loc[row_indexer,col_indexer] = value instead

See the caveats in the documentation: https://pandas.pydata.org/pandas-docs/stable/user_guide/indexing.html#returning-a-view-versus-a-copy
  current_df["date_time"] = pd.to_datetime(
2025-08-24 02:04:43 [INFO]: Current dataframe shape: (35064, 18)
/home/23r8105_messou/anaconda3/envs/pypots/lib/python3.12/site-packages/benchpots/datasets/beijing_multisite_air_quality.py:60: SettingWithCopyWarning: 
A value is trying to be set on a copy of a slice from a DataFrame.
Try using .loc[row_indexer,col_indexer] = value instead

See the caveats in the documentation: https://pandas.pydata.org/pandas-docs/stable/user_guide/indexing.html#returning-a-view-versus-a-copy
  current_df["date_time"] = pd.to_datetime(
2025-08-24 02:04:43 [INFO]: Current dataframe shape: (35064, 18)
/home/23r8105_messou/anaconda3/envs/pypots/lib/python3.12/site-packages/benchpots/datasets/beijing_multisite_air_quality.py:60: SettingWithCopyWarning: 
A value is trying to be set on a copy of a slice from a DataFrame.
Try using .loc[row_indexer,col_indexer] = value instead

See the caveats in the documentation: https://pandas.pydata.org/pandas-docs/stable/user_guide/indexing.html#returning-a-view-versus-a-copy
  current_df["date_time"] = pd.to_datetime(
2025-08-24 02:04:43 [INFO]: Current dataframe shape: (35064, 18)
/home/23r8105_messou/anaconda3/envs/pypots/lib/python3.12/site-packages/benchpots/datasets/beijing_multisite_air_quality.py:60: SettingWithCopyWarning: 
A value is trying to be set on a copy of a slice from a DataFrame.
Try using .loc[row_indexer,col_indexer] = value instead

See the caveats in the documentation: https://pandas.pydata.org/pandas-docs/stable/user_guide/indexing.html#returning-a-view-versus-a-copy
  current_df["date_time"] = pd.to_datetime(
2025-08-24 02:04:44 [INFO]: Current dataframe shape: (35064, 18)
/home/23r8105_messou/anaconda3/envs/pypots/lib/python3.12/site-packages/benchpots/datasets/beijing_multisite_air_quality.py:60: SettingWithCopyWarning: 
A value is trying to be set on a copy of a slice from a DataFrame.
Try using .loc[row_indexer,col_indexer] = value instead

See the caveats in the documentation: https://pandas.pydata.org/pandas-docs/stable/user_guide/indexing.html#returning-a-view-versus-a-copy
  current_df["date_time"] = pd.to_datetime(
2025-08-24 02:04:44 [INFO]: Current dataframe shape: (35064, 18)
/home/23r8105_messou/anaconda3/envs/pypots/lib/python3.12/site-packages/benchpots/datasets/beijing_multisite_air_quality.py:60: SettingWithCopyWarning: 
A value is trying to be set on a copy of a slice from a DataFrame.
Try using .loc[row_indexer,col_indexer] = value instead

See the caveats in the documentation: https://pandas.pydata.org/pandas-docs/stable/user_guide/indexing.html#returning-a-view-versus-a-copy
  current_df["date_time"] = pd.to_datetime(
2025-08-24 02:04:44 [INFO]: There are total 12 stations, they are ['Aotizhongxin', 'Changping', 'Dingling', 'Dongsi', 'Guanyuan', 'Gucheng', 'Huairou', 'Nongzhanguan', 'Shunyi', 'Tiantan', 'Wanliu', 'Wanshouxigong']
2025-08-24 02:04:44 [INFO]: Original df missing rate: 0.016
2025-08-24 02:04:44 [INFO]: months selected as train set are <PeriodArray>
['2013-03', '2013-04', '2013-05', '2013-06', '2013-07', '2013-08', '2013-09',
 '2013-10', '2013-11', '2013-12', '2014-01', '2014-02', '2014-03', '2014-04',
 '2014-05', '2014-06', '2014-07', '2014-08', '2014-09', '2014-10', '2014-11',
 '2014-12', '2015-01', '2015-02', '2015-03', '2015-04', '2015-05', '2015-06']
Length: 28, dtype: period[M]
2025-08-24 02:04:44 [INFO]: months selected as val set are <PeriodArray>
['2015-07', '2015-08', '2015-09', '2015-10', '2015-11', '2015-12', '2016-01',
 '2016-02', '2016-03', '2016-04']
Length: 10, dtype: period[M]
2025-08-24 02:04:44 [INFO]: months selected as test set are <PeriodArray>
['2016-05', '2016-06', '2016-07', '2016-08', '2016-09', '2016-10', '2016-11',
 '2016-12', '2017-01', '2017-02']
Length: 10, dtype: period[M]
2025-08-24 02:04:44 [INFO]: Total sample number: 730
2025-08-24 02:04:44 [INFO]: Training set size: 426 (58.36%)
2025-08-24 02:04:44 [INFO]: Validation set size: 152 (20.82%)
2025-08-24 02:04:44 [INFO]: Test set size: 152 (20.82%)
2025-08-24 02:04:44 [INFO]: Number of steps: 48
2025-08-24 02:04:44 [INFO]: Number of features: 132
2025-08-24 02:04:44 [INFO]: Train set missing rate: 11.67%
2025-08-24 02:04:44 [INFO]: Validating set missing rate: 10.80%
2025-08-24 02:04:44 [INFO]: Test set missing rate: 11.13%
âœ… Dataset 'beijing_multisite_air_quality' with missing rate 0.1 loaded at: /home/23r8105_messou/lab/iPyPOTS/datasets/rate_0.1
ğŸš€ Starting GPT4TS training pipeline...
2025-08-24 02:04:44 [INFO]: ğŸ”¥ğŸ”¥ğŸ”¥ğŸ”¥ğŸ”¥ğŸ”¥ğŸ”¥ğŸ”¥ğŸ”¥ğŸ”¥Using device list: ['cuda:6']
2025-08-24 02:04:44 [INFO]: ğŸ”¥ğŸ”¥ğŸ”¥ğŸ”¥ğŸ”¥ğŸ”¥ğŸ”¥ğŸ”¥ğŸ”¥ğŸ”¥Using the given device: cuda:6
2025-08-24 02:04:45 [INFO]: Model files will be saved to output/imputation/cuda:6/gpt4ts/beijing_multisite_air_quality/epoch15/mr0.1_bs32_dm64_ffn64_h2_ly1_proftrue
2025-08-24 02:04:45 [INFO]: Tensorboard file will be saved to output/imputation/cuda:6/gpt4ts/beijing_multisite_air_quality/epoch15/mr0.1_bs32_dm64_ffn64_h2_ly1_proftrue/tensorboard
2025-08-24 02:04:45 [INFO]: Using customized MAE as the training loss function.
2025-08-24 02:04:45 [INFO]: Using customized MSE as the validation metric function.
2025-08-24 02:04:46 [INFO]: Model placed on cuda:6
2025-08-24 02:04:46 [INFO]: GPT4TS initialized with the given hyperparameters.
 â”œâ”€ Total parameters: 46,938,756
 â”œâ”€ Trainable parameters: 1,198,212
 â””â”€ Trainable ratio: 2.55%
2025-08-24 02:04:48 [ERROR]: âŒ Exception: `predictions` mustn't contain NaN values, but detected NaN in it
Traceback (most recent call last):
  File "/home/23r8105_messou/lab/iPyPOTS/pypots/base.py", line 748, in _train_model
    results = self.model(inputs, calc_criterion=True)
              ^^^^^^^^^^^^^^^^^^^^^^^^^^^^^^^^^^^^^^^
  File "/home/23r8105_messou/anaconda3/envs/pypots/lib/python3.12/site-packages/torch/nn/modules/module.py", line 1736, in _wrapped_call_impl
    return self._call_impl(*args, **kwargs)
           ^^^^^^^^^^^^^^^^^^^^^^^^^^^^^^^^
  File "/home/23r8105_messou/anaconda3/envs/pypots/lib/python3.12/site-packages/torch/nn/modules/module.py", line 1747, in _call_impl
    return forward_call(*args, **kwargs)
           ^^^^^^^^^^^^^^^^^^^^^^^^^^^^^
  File "/home/23r8105_messou/lab/iPyPOTS/pypots/imputation/gpt4ts/core.py", line 78, in forward
    loss = self.training_loss(reconstruction, X_ori, indicating_mask)
           ^^^^^^^^^^^^^^^^^^^^^^^^^^^^^^^^^^^^^^^^^^^^^^^^^^^^^^^^^^
  File "/home/23r8105_messou/anaconda3/envs/pypots/lib/python3.12/site-packages/torch/nn/modules/module.py", line 1736, in _wrapped_call_impl
    return self._call_impl(*args, **kwargs)
           ^^^^^^^^^^^^^^^^^^^^^^^^^^^^^^^^
  File "/home/23r8105_messou/anaconda3/envs/pypots/lib/python3.12/site-packages/torch/nn/modules/module.py", line 1747, in _call_impl
    return forward_call(*args, **kwargs)
           ^^^^^^^^^^^^^^^^^^^^^^^^^^^^^
  File "/home/23r8105_messou/lab/iPyPOTS/pypots/nn/modules/loss.py", line 81, in forward
    value = calc_mae(logits, targets, masks)
            ^^^^^^^^^^^^^^^^^^^^^^^^^^^^^^^^
  File "/home/23r8105_messou/lab/iPyPOTS/pypots/nn/functional/error.py", line 98, in calc_mae
    lib = _check_inputs(predictions, targets, masks)
          ^^^^^^^^^^^^^^^^^^^^^^^^^^^^^^^^^^^^^^^^^^
  File "/home/23r8105_messou/lab/iPyPOTS/pypots/nn/functional/error.py", line 34, in _check_inputs
    assert not lib.isnan(predictions).any(), "`predictions` mustn't contain NaN values, but detected NaN in it"
           ^^^^^^^^^^^^^^^^^^^^^^^^^^^^^^^^
AssertionError: `predictions` mustn't contain NaN values, but detected NaN in it

During handling of the above exception, another exception occurred:

Traceback (most recent call last):
  File "/home/23r8105_messou/lab/iPyPOTS/main.py", line 80, in <module>
    main(args)
  File "/home/23r8105_messou/lab/iPyPOTS/main.py", line 59, in main
    mae, mse, rmse, mre = MODEL_PIPELINES[model_name](dataset, args)
                          ^^^^^^^^^^^^^^^^^^^^^^^^^^^^^^^^^^^^^^^^^^
  File "/home/23r8105_messou/lab/iPyPOTS/pipeline/imputations/gpt4ts.py", line 58, in train_and_evaluate_gpt4ts
    gpt4ts.fit(train_set=train_set, val_set=val_set)
  File "/home/23r8105_messou/lab/iPyPOTS/pypots/imputation/gpt4ts/model.py", line 259, in fit
    self._train_model(train_dataloader, val_dataloader)
  File "/home/23r8105_messou/lab/iPyPOTS/pypots/base.py", line 825, in _train_model
    raise RuntimeError(
RuntimeError: Training got interrupted. Model was not trained. Please investigate the error printed above.
srun: error: ai-gpgpu14: task 0: Exited with exit code 1
âŒ FAIL(1): beijing_multisite_air_quality | mr0.1_bs32_dm64_ffn64_h2_ly1_proftrue
ğŸ”¥ RUN: gpt4ts | beijing_multisite_air_quality | mr0.2_bs32_dm64_ffn64_h2_ly1_proftrue (DEVICE=cuda:6, N_STEPS=48, N_FEATURES=36)
[34m
â–ˆâ–ˆâ–ˆâ–ˆâ–ˆâ–ˆâ–ˆâ–ˆâ•—â–ˆâ–ˆâ•—â–ˆâ–ˆâ–ˆâ•—   â–ˆâ–ˆâ–ˆâ•—â–ˆâ–ˆâ–ˆâ–ˆâ–ˆâ–ˆâ–ˆâ•—    â–ˆâ–ˆâ–ˆâ–ˆâ–ˆâ–ˆâ–ˆâ•—â–ˆâ–ˆâ–ˆâ–ˆâ–ˆâ–ˆâ–ˆâ•—â–ˆâ–ˆâ–ˆâ–ˆâ–ˆâ–ˆâ•— â–ˆâ–ˆâ•—â–ˆâ–ˆâ–ˆâ–ˆâ–ˆâ–ˆâ–ˆâ•—â–ˆâ–ˆâ–ˆâ–ˆâ–ˆâ–ˆâ–ˆâ•—    â–ˆâ–ˆâ–ˆâ–ˆâ–ˆâ•— â–ˆâ–ˆâ•—
â•šâ•â•â–ˆâ–ˆâ•”â•â•â•â–ˆâ–ˆâ•‘â–ˆâ–ˆâ–ˆâ–ˆâ•— â–ˆâ–ˆâ–ˆâ–ˆâ•‘â–ˆâ–ˆâ•”â•â•â•â•â•    â–ˆâ–ˆâ•”â•â•â•â•â•â–ˆâ–ˆâ•”â•â•â•â•â•â–ˆâ–ˆâ•”â•â•â–ˆâ–ˆâ•—â–ˆâ–ˆâ•‘â–ˆâ–ˆâ•”â•â•â•â•â•â–ˆâ–ˆâ•”â•â•â•â•â•   â–ˆâ–ˆâ•”â•â•â–ˆâ–ˆâ•—â–ˆâ–ˆâ•‘
   â–ˆâ–ˆâ•‘   â–ˆâ–ˆâ•‘â–ˆâ–ˆâ•”â–ˆâ–ˆâ–ˆâ–ˆâ•”â–ˆâ–ˆâ•‘â–ˆâ–ˆâ–ˆâ–ˆâ–ˆâ•—â–ˆâ–ˆâ–ˆâ–ˆâ–ˆâ•—â–ˆâ–ˆâ–ˆâ–ˆâ–ˆâ–ˆâ–ˆâ•—â–ˆâ–ˆâ–ˆâ–ˆâ–ˆâ•—  â–ˆâ–ˆâ–ˆâ–ˆâ–ˆâ–ˆâ•”â•â–ˆâ–ˆâ•‘â–ˆâ–ˆâ–ˆâ–ˆâ–ˆâ•—  â–ˆâ–ˆâ–ˆâ–ˆâ–ˆâ–ˆâ–ˆâ•—   â–ˆâ–ˆâ–ˆâ–ˆâ–ˆâ–ˆâ–ˆâ•‘â–ˆâ–ˆâ•‘
   â–ˆâ–ˆâ•‘   â–ˆâ–ˆâ•‘â–ˆâ–ˆâ•‘â•šâ–ˆâ–ˆâ•”â•â–ˆâ–ˆâ•‘â–ˆâ–ˆâ•”â•â•â•â•šâ•â•â•â•â•â•šâ•â•â•â•â–ˆâ–ˆâ•‘â–ˆâ–ˆâ•”â•â•â•  â–ˆâ–ˆâ•”â•â•â–ˆâ–ˆâ•—â–ˆâ–ˆâ•‘â–ˆâ–ˆâ•”â•â•â•  â•šâ•â•â•â•â–ˆâ–ˆâ•‘   â–ˆâ–ˆâ•”â•â•â–ˆâ–ˆâ•‘â–ˆâ–ˆâ•‘
   â–ˆâ–ˆâ•‘   â–ˆâ–ˆâ•‘â–ˆâ–ˆâ•‘ â•šâ•â• â–ˆâ–ˆâ•‘â–ˆâ–ˆâ–ˆâ–ˆâ–ˆâ–ˆâ–ˆâ•—    â–ˆâ–ˆâ–ˆâ–ˆâ–ˆâ–ˆâ–ˆâ•‘â–ˆâ–ˆâ–ˆâ–ˆâ–ˆâ–ˆâ–ˆâ•—â–ˆâ–ˆâ•‘  â–ˆâ–ˆâ•‘â–ˆâ–ˆâ•‘â–ˆâ–ˆâ–ˆâ–ˆâ–ˆâ–ˆâ–ˆâ•—â–ˆâ–ˆâ–ˆâ–ˆâ–ˆâ–ˆâ–ˆâ•‘â–ˆâ–ˆâ•—â–ˆâ–ˆâ•‘  â–ˆâ–ˆâ•‘â–ˆâ–ˆâ•‘
   â•šâ•â•   â•šâ•â•â•šâ•â•     â•šâ•â•â•šâ•â•â•â•â•â•â•    â•šâ•â•â•â•â•â•â•â•šâ•â•â•â•â•â•â•â•šâ•â•  â•šâ•â•â•šâ•â•â•šâ•â•â•â•â•â•â•â•šâ•â•â•â•â•â•â•â•šâ•â•â•šâ•â•  â•šâ•â•â•šâ•â•
ai4ts v0.0.3 - building AI for unified time-series analysis, https://time-series.ai [0m

Use Train GPT: False
Use Lora: False
Use Profiling: True
ğŸš€ Running imputation pipeline for model: gpt4ts
â„¹ï¸ TSDB migration not needed, directory exists: /home/23r8105_messou/lab/iPyPOTS/datasets
2025-08-24 02:05:29 [INFO]: Have set the random seed as 2025 for numpy and pytorch.
2025-08-24 02:05:29 [INFO]: You're using dataset beijing_multisite_air_quality, please cite it properly in your work. You can find its reference information at the below link: 
https://github.com/WenjieDu/TSDB/tree/main/dataset_profiles/beijing_multisite_air_quality
2025-08-24 02:05:29 [INFO]: Dataset beijing_multisite_air_quality has already been downloaded. Processing directly...
2025-08-24 02:05:29 [INFO]: Dataset beijing_multisite_air_quality has already been cached. Loading from cache directly...
2025-08-24 02:05:29 [INFO]: Loaded successfully!
2025-08-24 02:05:29 [INFO]: Current dataframe shape: (35064, 18)
/home/23r8105_messou/anaconda3/envs/pypots/lib/python3.12/site-packages/benchpots/datasets/beijing_multisite_air_quality.py:60: SettingWithCopyWarning: 
A value is trying to be set on a copy of a slice from a DataFrame.
Try using .loc[row_indexer,col_indexer] = value instead

See the caveats in the documentation: https://pandas.pydata.org/pandas-docs/stable/user_guide/indexing.html#returning-a-view-versus-a-copy
  current_df["date_time"] = pd.to_datetime(
2025-08-24 02:05:29 [INFO]: Current dataframe shape: (35064, 18)
/home/23r8105_messou/anaconda3/envs/pypots/lib/python3.12/site-packages/benchpots/datasets/beijing_multisite_air_quality.py:60: SettingWithCopyWarning: 
A value is trying to be set on a copy of a slice from a DataFrame.
Try using .loc[row_indexer,col_indexer] = value instead

See the caveats in the documentation: https://pandas.pydata.org/pandas-docs/stable/user_guide/indexing.html#returning-a-view-versus-a-copy
  current_df["date_time"] = pd.to_datetime(
2025-08-24 02:05:29 [INFO]: Current dataframe shape: (35064, 18)
/home/23r8105_messou/anaconda3/envs/pypots/lib/python3.12/site-packages/benchpots/datasets/beijing_multisite_air_quality.py:60: SettingWithCopyWarning: 
A value is trying to be set on a copy of a slice from a DataFrame.
Try using .loc[row_indexer,col_indexer] = value instead

See the caveats in the documentation: https://pandas.pydata.org/pandas-docs/stable/user_guide/indexing.html#returning-a-view-versus-a-copy
  current_df["date_time"] = pd.to_datetime(
2025-08-24 02:05:29 [INFO]: Current dataframe shape: (35064, 18)
/home/23r8105_messou/anaconda3/envs/pypots/lib/python3.12/site-packages/benchpots/datasets/beijing_multisite_air_quality.py:60: SettingWithCopyWarning: 
A value is trying to be set on a copy of a slice from a DataFrame.
Try using .loc[row_indexer,col_indexer] = value instead

See the caveats in the documentation: https://pandas.pydata.org/pandas-docs/stable/user_guide/indexing.html#returning-a-view-versus-a-copy
  current_df["date_time"] = pd.to_datetime(
2025-08-24 02:05:30 [INFO]: Current dataframe shape: (35064, 18)
/home/23r8105_messou/anaconda3/envs/pypots/lib/python3.12/site-packages/benchpots/datasets/beijing_multisite_air_quality.py:60: SettingWithCopyWarning: 
A value is trying to be set on a copy of a slice from a DataFrame.
Try using .loc[row_indexer,col_indexer] = value instead

See the caveats in the documentation: https://pandas.pydata.org/pandas-docs/stable/user_guide/indexing.html#returning-a-view-versus-a-copy
  current_df["date_time"] = pd.to_datetime(
2025-08-24 02:05:30 [INFO]: Current dataframe shape: (35064, 18)
/home/23r8105_messou/anaconda3/envs/pypots/lib/python3.12/site-packages/benchpots/datasets/beijing_multisite_air_quality.py:60: SettingWithCopyWarning: 
A value is trying to be set on a copy of a slice from a DataFrame.
Try using .loc[row_indexer,col_indexer] = value instead

See the caveats in the documentation: https://pandas.pydata.org/pandas-docs/stable/user_guide/indexing.html#returning-a-view-versus-a-copy
  current_df["date_time"] = pd.to_datetime(
2025-08-24 02:05:30 [INFO]: Current dataframe shape: (35064, 18)
/home/23r8105_messou/anaconda3/envs/pypots/lib/python3.12/site-packages/benchpots/datasets/beijing_multisite_air_quality.py:60: SettingWithCopyWarning: 
A value is trying to be set on a copy of a slice from a DataFrame.
Try using .loc[row_indexer,col_indexer] = value instead

See the caveats in the documentation: https://pandas.pydata.org/pandas-docs/stable/user_guide/indexing.html#returning-a-view-versus-a-copy
  current_df["date_time"] = pd.to_datetime(
2025-08-24 02:05:30 [INFO]: Current dataframe shape: (35064, 18)
/home/23r8105_messou/anaconda3/envs/pypots/lib/python3.12/site-packages/benchpots/datasets/beijing_multisite_air_quality.py:60: SettingWithCopyWarning: 
A value is trying to be set on a copy of a slice from a DataFrame.
Try using .loc[row_indexer,col_indexer] = value instead

See the caveats in the documentation: https://pandas.pydata.org/pandas-docs/stable/user_guide/indexing.html#returning-a-view-versus-a-copy
  current_df["date_time"] = pd.to_datetime(
2025-08-24 02:05:30 [INFO]: Current dataframe shape: (35064, 18)
/home/23r8105_messou/anaconda3/envs/pypots/lib/python3.12/site-packages/benchpots/datasets/beijing_multisite_air_quality.py:60: SettingWithCopyWarning: 
A value is trying to be set on a copy of a slice from a DataFrame.
Try using .loc[row_indexer,col_indexer] = value instead

See the caveats in the documentation: https://pandas.pydata.org/pandas-docs/stable/user_guide/indexing.html#returning-a-view-versus-a-copy
  current_df["date_time"] = pd.to_datetime(
2025-08-24 02:05:30 [INFO]: Current dataframe shape: (35064, 18)
/home/23r8105_messou/anaconda3/envs/pypots/lib/python3.12/site-packages/benchpots/datasets/beijing_multisite_air_quality.py:60: SettingWithCopyWarning: 
A value is trying to be set on a copy of a slice from a DataFrame.
Try using .loc[row_indexer,col_indexer] = value instead

See the caveats in the documentation: https://pandas.pydata.org/pandas-docs/stable/user_guide/indexing.html#returning-a-view-versus-a-copy
  current_df["date_time"] = pd.to_datetime(
2025-08-24 02:05:30 [INFO]: Current dataframe shape: (35064, 18)
/home/23r8105_messou/anaconda3/envs/pypots/lib/python3.12/site-packages/benchpots/datasets/beijing_multisite_air_quality.py:60: SettingWithCopyWarning: 
A value is trying to be set on a copy of a slice from a DataFrame.
Try using .loc[row_indexer,col_indexer] = value instead

See the caveats in the documentation: https://pandas.pydata.org/pandas-docs/stable/user_guide/indexing.html#returning-a-view-versus-a-copy
  current_df["date_time"] = pd.to_datetime(
2025-08-24 02:05:30 [INFO]: Current dataframe shape: (35064, 18)
/home/23r8105_messou/anaconda3/envs/pypots/lib/python3.12/site-packages/benchpots/datasets/beijing_multisite_air_quality.py:60: SettingWithCopyWarning: 
A value is trying to be set on a copy of a slice from a DataFrame.
Try using .loc[row_indexer,col_indexer] = value instead

See the caveats in the documentation: https://pandas.pydata.org/pandas-docs/stable/user_guide/indexing.html#returning-a-view-versus-a-copy
  current_df["date_time"] = pd.to_datetime(
2025-08-24 02:05:30 [INFO]: There are total 12 stations, they are ['Aotizhongxin', 'Changping', 'Dingling', 'Dongsi', 'Guanyuan', 'Gucheng', 'Huairou', 'Nongzhanguan', 'Shunyi', 'Tiantan', 'Wanliu', 'Wanshouxigong']
2025-08-24 02:05:30 [INFO]: Original df missing rate: 0.016
2025-08-24 02:05:30 [INFO]: months selected as train set are <PeriodArray>
['2013-03', '2013-04', '2013-05', '2013-06', '2013-07', '2013-08', '2013-09',
 '2013-10', '2013-11', '2013-12', '2014-01', '2014-02', '2014-03', '2014-04',
 '2014-05', '2014-06', '2014-07', '2014-08', '2014-09', '2014-10', '2014-11',
 '2014-12', '2015-01', '2015-02', '2015-03', '2015-04', '2015-05', '2015-06']
Length: 28, dtype: period[M]
2025-08-24 02:05:30 [INFO]: months selected as val set are <PeriodArray>
['2015-07', '2015-08', '2015-09', '2015-10', '2015-11', '2015-12', '2016-01',
 '2016-02', '2016-03', '2016-04']
Length: 10, dtype: period[M]
2025-08-24 02:05:30 [INFO]: months selected as test set are <PeriodArray>
['2016-05', '2016-06', '2016-07', '2016-08', '2016-09', '2016-10', '2016-11',
 '2016-12', '2017-01', '2017-02']
Length: 10, dtype: period[M]
2025-08-24 02:05:30 [INFO]: Total sample number: 730
2025-08-24 02:05:30 [INFO]: Training set size: 426 (58.36%)
2025-08-24 02:05:30 [INFO]: Validation set size: 152 (20.82%)
2025-08-24 02:05:30 [INFO]: Test set size: 152 (20.82%)
2025-08-24 02:05:30 [INFO]: Number of steps: 48
2025-08-24 02:05:30 [INFO]: Number of features: 132
2025-08-24 02:05:30 [INFO]: Train set missing rate: 21.51%
2025-08-24 02:05:30 [INFO]: Validating set missing rate: 20.70%
2025-08-24 02:05:30 [INFO]: Test set missing rate: 20.98%
âœ… Dataset 'beijing_multisite_air_quality' with missing rate 0.2 loaded at: /home/23r8105_messou/lab/iPyPOTS/datasets/rate_0.2
ğŸš€ Starting GPT4TS training pipeline...
2025-08-24 02:05:30 [INFO]: ğŸ”¥ğŸ”¥ğŸ”¥ğŸ”¥ğŸ”¥ğŸ”¥ğŸ”¥ğŸ”¥ğŸ”¥ğŸ”¥Using device list: ['cuda:6']
2025-08-24 02:05:30 [INFO]: ğŸ”¥ğŸ”¥ğŸ”¥ğŸ”¥ğŸ”¥ğŸ”¥ğŸ”¥ğŸ”¥ğŸ”¥ğŸ”¥Using the given device: cuda:6
2025-08-24 02:05:30 [INFO]: Model files will be saved to output/imputation/cuda:6/gpt4ts/beijing_multisite_air_quality/epoch15/mr0.2_bs32_dm64_ffn64_h2_ly1_proftrue
2025-08-24 02:05:30 [INFO]: Tensorboard file will be saved to output/imputation/cuda:6/gpt4ts/beijing_multisite_air_quality/epoch15/mr0.2_bs32_dm64_ffn64_h2_ly1_proftrue/tensorboard
2025-08-24 02:05:30 [INFO]: Using customized MAE as the training loss function.
2025-08-24 02:05:30 [INFO]: Using customized MSE as the validation metric function.
2025-08-24 02:05:31 [INFO]: Model placed on cuda:6
2025-08-24 02:05:31 [INFO]: GPT4TS initialized with the given hyperparameters.
 â”œâ”€ Total parameters: 46,938,756
 â”œâ”€ Trainable parameters: 1,198,212
 â””â”€ Trainable ratio: 2.55%
2025-08-24 02:05:32 [ERROR]: âŒ Exception: `predictions` mustn't contain NaN values, but detected NaN in it
Traceback (most recent call last):
  File "/home/23r8105_messou/lab/iPyPOTS/pypots/base.py", line 748, in _train_model
    results = self.model(inputs, calc_criterion=True)
              ^^^^^^^^^^^^^^^^^^^^^^^^^^^^^^^^^^^^^^^
  File "/home/23r8105_messou/anaconda3/envs/pypots/lib/python3.12/site-packages/torch/nn/modules/module.py", line 1736, in _wrapped_call_impl
    return self._call_impl(*args, **kwargs)
           ^^^^^^^^^^^^^^^^^^^^^^^^^^^^^^^^
  File "/home/23r8105_messou/anaconda3/envs/pypots/lib/python3.12/site-packages/torch/nn/modules/module.py", line 1747, in _call_impl
    return forward_call(*args, **kwargs)
           ^^^^^^^^^^^^^^^^^^^^^^^^^^^^^
  File "/home/23r8105_messou/lab/iPyPOTS/pypots/imputation/gpt4ts/core.py", line 78, in forward
    loss = self.training_loss(reconstruction, X_ori, indicating_mask)
           ^^^^^^^^^^^^^^^^^^^^^^^^^^^^^^^^^^^^^^^^^^^^^^^^^^^^^^^^^^
  File "/home/23r8105_messou/anaconda3/envs/pypots/lib/python3.12/site-packages/torch/nn/modules/module.py", line 1736, in _wrapped_call_impl
    return self._call_impl(*args, **kwargs)
           ^^^^^^^^^^^^^^^^^^^^^^^^^^^^^^^^
  File "/home/23r8105_messou/anaconda3/envs/pypots/lib/python3.12/site-packages/torch/nn/modules/module.py", line 1747, in _call_impl
    return forward_call(*args, **kwargs)
           ^^^^^^^^^^^^^^^^^^^^^^^^^^^^^
  File "/home/23r8105_messou/lab/iPyPOTS/pypots/nn/modules/loss.py", line 81, in forward
    value = calc_mae(logits, targets, masks)
            ^^^^^^^^^^^^^^^^^^^^^^^^^^^^^^^^
  File "/home/23r8105_messou/lab/iPyPOTS/pypots/nn/functional/error.py", line 98, in calc_mae
    lib = _check_inputs(predictions, targets, masks)
          ^^^^^^^^^^^^^^^^^^^^^^^^^^^^^^^^^^^^^^^^^^
  File "/home/23r8105_messou/lab/iPyPOTS/pypots/nn/functional/error.py", line 34, in _check_inputs
    assert not lib.isnan(predictions).any(), "`predictions` mustn't contain NaN values, but detected NaN in it"
           ^^^^^^^^^^^^^^^^^^^^^^^^^^^^^^^^
AssertionError: `predictions` mustn't contain NaN values, but detected NaN in it

During handling of the above exception, another exception occurred:

Traceback (most recent call last):
  File "/home/23r8105_messou/lab/iPyPOTS/main.py", line 80, in <module>
    main(args)
  File "/home/23r8105_messou/lab/iPyPOTS/main.py", line 59, in main
    mae, mse, rmse, mre = MODEL_PIPELINES[model_name](dataset, args)
                          ^^^^^^^^^^^^^^^^^^^^^^^^^^^^^^^^^^^^^^^^^^
  File "/home/23r8105_messou/lab/iPyPOTS/pipeline/imputations/gpt4ts.py", line 58, in train_and_evaluate_gpt4ts
    gpt4ts.fit(train_set=train_set, val_set=val_set)
  File "/home/23r8105_messou/lab/iPyPOTS/pypots/imputation/gpt4ts/model.py", line 259, in fit
    self._train_model(train_dataloader, val_dataloader)
  File "/home/23r8105_messou/lab/iPyPOTS/pypots/base.py", line 825, in _train_model
    raise RuntimeError(
RuntimeError: Training got interrupted. Model was not trained. Please investigate the error printed above.
srun: error: ai-gpgpu14: task 0: Exited with exit code 1
âŒ FAIL(1): beijing_multisite_air_quality | mr0.2_bs32_dm64_ffn64_h2_ly1_proftrue
ğŸ”¥ RUN: gpt4ts | beijing_multisite_air_quality | mr0.3_bs32_dm64_ffn64_h2_ly1_proftrue (DEVICE=cuda:6, N_STEPS=48, N_FEATURES=36)
[34m
â–ˆâ–ˆâ–ˆâ–ˆâ–ˆâ–ˆâ–ˆâ–ˆâ•—â–ˆâ–ˆâ•—â–ˆâ–ˆâ–ˆâ•—   â–ˆâ–ˆâ–ˆâ•—â–ˆâ–ˆâ–ˆâ–ˆâ–ˆâ–ˆâ–ˆâ•—    â–ˆâ–ˆâ–ˆâ–ˆâ–ˆâ–ˆâ–ˆâ•—â–ˆâ–ˆâ–ˆâ–ˆâ–ˆâ–ˆâ–ˆâ•—â–ˆâ–ˆâ–ˆâ–ˆâ–ˆâ–ˆâ•— â–ˆâ–ˆâ•—â–ˆâ–ˆâ–ˆâ–ˆâ–ˆâ–ˆâ–ˆâ•—â–ˆâ–ˆâ–ˆâ–ˆâ–ˆâ–ˆâ–ˆâ•—    â–ˆâ–ˆâ–ˆâ–ˆâ–ˆâ•— â–ˆâ–ˆâ•—
â•šâ•â•â–ˆâ–ˆâ•”â•â•â•â–ˆâ–ˆâ•‘â–ˆâ–ˆâ–ˆâ–ˆâ•— â–ˆâ–ˆâ–ˆâ–ˆâ•‘â–ˆâ–ˆâ•”â•â•â•â•â•    â–ˆâ–ˆâ•”â•â•â•â•â•â–ˆâ–ˆâ•”â•â•â•â•â•â–ˆâ–ˆâ•”â•â•â–ˆâ–ˆâ•—â–ˆâ–ˆâ•‘â–ˆâ–ˆâ•”â•â•â•â•â•â–ˆâ–ˆâ•”â•â•â•â•â•   â–ˆâ–ˆâ•”â•â•â–ˆâ–ˆâ•—â–ˆâ–ˆâ•‘
   â–ˆâ–ˆâ•‘   â–ˆâ–ˆâ•‘â–ˆâ–ˆâ•”â–ˆâ–ˆâ–ˆâ–ˆâ•”â–ˆâ–ˆâ•‘â–ˆâ–ˆâ–ˆâ–ˆâ–ˆâ•—â–ˆâ–ˆâ–ˆâ–ˆâ–ˆâ•—â–ˆâ–ˆâ–ˆâ–ˆâ–ˆâ–ˆâ–ˆâ•—â–ˆâ–ˆâ–ˆâ–ˆâ–ˆâ•—  â–ˆâ–ˆâ–ˆâ–ˆâ–ˆâ–ˆâ•”â•â–ˆâ–ˆâ•‘â–ˆâ–ˆâ–ˆâ–ˆâ–ˆâ•—  â–ˆâ–ˆâ–ˆâ–ˆâ–ˆâ–ˆâ–ˆâ•—   â–ˆâ–ˆâ–ˆâ–ˆâ–ˆâ–ˆâ–ˆâ•‘â–ˆâ–ˆâ•‘
   â–ˆâ–ˆâ•‘   â–ˆâ–ˆâ•‘â–ˆâ–ˆâ•‘â•šâ–ˆâ–ˆâ•”â•â–ˆâ–ˆâ•‘â–ˆâ–ˆâ•”â•â•â•â•šâ•â•â•â•â•â•šâ•â•â•â•â–ˆâ–ˆâ•‘â–ˆâ–ˆâ•”â•â•â•  â–ˆâ–ˆâ•”â•â•â–ˆâ–ˆâ•—â–ˆâ–ˆâ•‘â–ˆâ–ˆâ•”â•â•â•  â•šâ•â•â•â•â–ˆâ–ˆâ•‘   â–ˆâ–ˆâ•”â•â•â–ˆâ–ˆâ•‘â–ˆâ–ˆâ•‘
   â–ˆâ–ˆâ•‘   â–ˆâ–ˆâ•‘â–ˆâ–ˆâ•‘ â•šâ•â• â–ˆâ–ˆâ•‘â–ˆâ–ˆâ–ˆâ–ˆâ–ˆâ–ˆâ–ˆâ•—    â–ˆâ–ˆâ–ˆâ–ˆâ–ˆâ–ˆâ–ˆâ•‘â–ˆâ–ˆâ–ˆâ–ˆâ–ˆâ–ˆâ–ˆâ•—â–ˆâ–ˆâ•‘  â–ˆâ–ˆâ•‘â–ˆâ–ˆâ•‘â–ˆâ–ˆâ–ˆâ–ˆâ–ˆâ–ˆâ–ˆâ•—â–ˆâ–ˆâ–ˆâ–ˆâ–ˆâ–ˆâ–ˆâ•‘â–ˆâ–ˆâ•—â–ˆâ–ˆâ•‘  â–ˆâ–ˆâ•‘â–ˆâ–ˆâ•‘
   â•šâ•â•   â•šâ•â•â•šâ•â•     â•šâ•â•â•šâ•â•â•â•â•â•â•    â•šâ•â•â•â•â•â•â•â•šâ•â•â•â•â•â•â•â•šâ•â•  â•šâ•â•â•šâ•â•â•šâ•â•â•â•â•â•â•â•šâ•â•â•â•â•â•â•â•šâ•â•â•šâ•â•  â•šâ•â•â•šâ•â•
ai4ts v0.0.3 - building AI for unified time-series analysis, https://time-series.ai [0m

Use Train GPT: False
Use Lora: False
Use Profiling: True
2025-08-24 02:06:18 [INFO]: Have set the random seed as 2025 for numpy and pytorch.
ğŸš€ Running imputation pipeline for model: gpt4ts
â„¹ï¸ TSDB migration not needed, directory exists: /home/23r8105_messou/lab/iPyPOTS/datasets
2025-08-24 02:06:18 [INFO]: You're using dataset beijing_multisite_air_quality, please cite it properly in your work. You can find its reference information at the below link: 
https://github.com/WenjieDu/TSDB/tree/main/dataset_profiles/beijing_multisite_air_quality
2025-08-24 02:06:18 [INFO]: Dataset beijing_multisite_air_quality has already been downloaded. Processing directly...
2025-08-24 02:06:18 [INFO]: Dataset beijing_multisite_air_quality has already been cached. Loading from cache directly...
2025-08-24 02:06:18 [INFO]: Loaded successfully!
2025-08-24 02:06:18 [INFO]: Current dataframe shape: (35064, 18)
/home/23r8105_messou/anaconda3/envs/pypots/lib/python3.12/site-packages/benchpots/datasets/beijing_multisite_air_quality.py:60: SettingWithCopyWarning: 
A value is trying to be set on a copy of a slice from a DataFrame.
Try using .loc[row_indexer,col_indexer] = value instead

See the caveats in the documentation: https://pandas.pydata.org/pandas-docs/stable/user_guide/indexing.html#returning-a-view-versus-a-copy
  current_df["date_time"] = pd.to_datetime(
2025-08-24 02:06:18 [INFO]: Current dataframe shape: (35064, 18)
/home/23r8105_messou/anaconda3/envs/pypots/lib/python3.12/site-packages/benchpots/datasets/beijing_multisite_air_quality.py:60: SettingWithCopyWarning: 
A value is trying to be set on a copy of a slice from a DataFrame.
Try using .loc[row_indexer,col_indexer] = value instead

See the caveats in the documentation: https://pandas.pydata.org/pandas-docs/stable/user_guide/indexing.html#returning-a-view-versus-a-copy
  current_df["date_time"] = pd.to_datetime(
2025-08-24 02:06:18 [INFO]: Current dataframe shape: (35064, 18)
/home/23r8105_messou/anaconda3/envs/pypots/lib/python3.12/site-packages/benchpots/datasets/beijing_multisite_air_quality.py:60: SettingWithCopyWarning: 
A value is trying to be set on a copy of a slice from a DataFrame.
Try using .loc[row_indexer,col_indexer] = value instead

See the caveats in the documentation: https://pandas.pydata.org/pandas-docs/stable/user_guide/indexing.html#returning-a-view-versus-a-copy
  current_df["date_time"] = pd.to_datetime(
2025-08-24 02:06:18 [INFO]: Current dataframe shape: (35064, 18)
/home/23r8105_messou/anaconda3/envs/pypots/lib/python3.12/site-packages/benchpots/datasets/beijing_multisite_air_quality.py:60: SettingWithCopyWarning: 
A value is trying to be set on a copy of a slice from a DataFrame.
Try using .loc[row_indexer,col_indexer] = value instead

See the caveats in the documentation: https://pandas.pydata.org/pandas-docs/stable/user_guide/indexing.html#returning-a-view-versus-a-copy
  current_df["date_time"] = pd.to_datetime(
2025-08-24 02:06:18 [INFO]: Current dataframe shape: (35064, 18)
/home/23r8105_messou/anaconda3/envs/pypots/lib/python3.12/site-packages/benchpots/datasets/beijing_multisite_air_quality.py:60: SettingWithCopyWarning: 
A value is trying to be set on a copy of a slice from a DataFrame.
Try using .loc[row_indexer,col_indexer] = value instead

See the caveats in the documentation: https://pandas.pydata.org/pandas-docs/stable/user_guide/indexing.html#returning-a-view-versus-a-copy
  current_df["date_time"] = pd.to_datetime(
2025-08-24 02:06:18 [INFO]: Current dataframe shape: (35064, 18)
/home/23r8105_messou/anaconda3/envs/pypots/lib/python3.12/site-packages/benchpots/datasets/beijing_multisite_air_quality.py:60: SettingWithCopyWarning: 
A value is trying to be set on a copy of a slice from a DataFrame.
Try using .loc[row_indexer,col_indexer] = value instead

See the caveats in the documentation: https://pandas.pydata.org/pandas-docs/stable/user_guide/indexing.html#returning-a-view-versus-a-copy
  current_df["date_time"] = pd.to_datetime(
2025-08-24 02:06:18 [INFO]: Current dataframe shape: (35064, 18)
/home/23r8105_messou/anaconda3/envs/pypots/lib/python3.12/site-packages/benchpots/datasets/beijing_multisite_air_quality.py:60: SettingWithCopyWarning: 
A value is trying to be set on a copy of a slice from a DataFrame.
Try using .loc[row_indexer,col_indexer] = value instead

See the caveats in the documentation: https://pandas.pydata.org/pandas-docs/stable/user_guide/indexing.html#returning-a-view-versus-a-copy
  current_df["date_time"] = pd.to_datetime(
2025-08-24 02:06:18 [INFO]: Current dataframe shape: (35064, 18)
/home/23r8105_messou/anaconda3/envs/pypots/lib/python3.12/site-packages/benchpots/datasets/beijing_multisite_air_quality.py:60: SettingWithCopyWarning: 
A value is trying to be set on a copy of a slice from a DataFrame.
Try using .loc[row_indexer,col_indexer] = value instead

See the caveats in the documentation: https://pandas.pydata.org/pandas-docs/stable/user_guide/indexing.html#returning-a-view-versus-a-copy
  current_df["date_time"] = pd.to_datetime(
2025-08-24 02:06:18 [INFO]: Current dataframe shape: (35064, 18)
/home/23r8105_messou/anaconda3/envs/pypots/lib/python3.12/site-packages/benchpots/datasets/beijing_multisite_air_quality.py:60: SettingWithCopyWarning: 
A value is trying to be set on a copy of a slice from a DataFrame.
Try using .loc[row_indexer,col_indexer] = value instead

See the caveats in the documentation: https://pandas.pydata.org/pandas-docs/stable/user_guide/indexing.html#returning-a-view-versus-a-copy
  current_df["date_time"] = pd.to_datetime(
2025-08-24 02:06:18 [INFO]: Current dataframe shape: (35064, 18)
/home/23r8105_messou/anaconda3/envs/pypots/lib/python3.12/site-packages/benchpots/datasets/beijing_multisite_air_quality.py:60: SettingWithCopyWarning: 
A value is trying to be set on a copy of a slice from a DataFrame.
Try using .loc[row_indexer,col_indexer] = value instead

See the caveats in the documentation: https://pandas.pydata.org/pandas-docs/stable/user_guide/indexing.html#returning-a-view-versus-a-copy
  current_df["date_time"] = pd.to_datetime(
2025-08-24 02:06:19 [INFO]: Current dataframe shape: (35064, 18)
/home/23r8105_messou/anaconda3/envs/pypots/lib/python3.12/site-packages/benchpots/datasets/beijing_multisite_air_quality.py:60: SettingWithCopyWarning: 
A value is trying to be set on a copy of a slice from a DataFrame.
Try using .loc[row_indexer,col_indexer] = value instead

See the caveats in the documentation: https://pandas.pydata.org/pandas-docs/stable/user_guide/indexing.html#returning-a-view-versus-a-copy
  current_df["date_time"] = pd.to_datetime(
2025-08-24 02:06:19 [INFO]: Current dataframe shape: (35064, 18)
/home/23r8105_messou/anaconda3/envs/pypots/lib/python3.12/site-packages/benchpots/datasets/beijing_multisite_air_quality.py:60: SettingWithCopyWarning: 
A value is trying to be set on a copy of a slice from a DataFrame.
Try using .loc[row_indexer,col_indexer] = value instead

See the caveats in the documentation: https://pandas.pydata.org/pandas-docs/stable/user_guide/indexing.html#returning-a-view-versus-a-copy
  current_df["date_time"] = pd.to_datetime(
2025-08-24 02:06:19 [INFO]: There are total 12 stations, they are ['Aotizhongxin', 'Changping', 'Dingling', 'Dongsi', 'Guanyuan', 'Gucheng', 'Huairou', 'Nongzhanguan', 'Shunyi', 'Tiantan', 'Wanliu', 'Wanshouxigong']
2025-08-24 02:06:19 [INFO]: Original df missing rate: 0.016
2025-08-24 02:06:19 [INFO]: months selected as train set are <PeriodArray>
['2013-03', '2013-04', '2013-05', '2013-06', '2013-07', '2013-08', '2013-09',
 '2013-10', '2013-11', '2013-12', '2014-01', '2014-02', '2014-03', '2014-04',
 '2014-05', '2014-06', '2014-07', '2014-08', '2014-09', '2014-10', '2014-11',
 '2014-12', '2015-01', '2015-02', '2015-03', '2015-04', '2015-05', '2015-06']
Length: 28, dtype: period[M]
2025-08-24 02:06:19 [INFO]: months selected as val set are <PeriodArray>
['2015-07', '2015-08', '2015-09', '2015-10', '2015-11', '2015-12', '2016-01',
 '2016-02', '2016-03', '2016-04']
Length: 10, dtype: period[M]
2025-08-24 02:06:19 [INFO]: months selected as test set are <PeriodArray>
['2016-05', '2016-06', '2016-07', '2016-08', '2016-09', '2016-10', '2016-11',
 '2016-12', '2017-01', '2017-02']
Length: 10, dtype: period[M]
2025-08-24 02:06:19 [INFO]: Total sample number: 730
2025-08-24 02:06:19 [INFO]: Training set size: 426 (58.36%)
2025-08-24 02:06:19 [INFO]: Validation set size: 152 (20.82%)
2025-08-24 02:06:19 [INFO]: Test set size: 152 (20.82%)
2025-08-24 02:06:19 [INFO]: Number of steps: 48
2025-08-24 02:06:19 [INFO]: Number of features: 132
2025-08-24 02:06:19 [INFO]: Train set missing rate: 31.34%
2025-08-24 02:06:19 [INFO]: Validating set missing rate: 30.61%
2025-08-24 02:06:19 [INFO]: Test set missing rate: 30.86%
âœ… Dataset 'beijing_multisite_air_quality' with missing rate 0.3 loaded at: /home/23r8105_messou/lab/iPyPOTS/datasets/rate_0.3
ğŸš€ Starting GPT4TS training pipeline...
2025-08-24 02:06:19 [INFO]: ğŸ”¥ğŸ”¥ğŸ”¥ğŸ”¥ğŸ”¥ğŸ”¥ğŸ”¥ğŸ”¥ğŸ”¥ğŸ”¥Using device list: ['cuda:6']
2025-08-24 02:06:19 [INFO]: ğŸ”¥ğŸ”¥ğŸ”¥ğŸ”¥ğŸ”¥ğŸ”¥ğŸ”¥ğŸ”¥ğŸ”¥ğŸ”¥Using the given device: cuda:6
2025-08-24 02:06:19 [INFO]: Model files will be saved to output/imputation/cuda:6/gpt4ts/beijing_multisite_air_quality/epoch15/mr0.3_bs32_dm64_ffn64_h2_ly1_proftrue
2025-08-24 02:06:19 [INFO]: Tensorboard file will be saved to output/imputation/cuda:6/gpt4ts/beijing_multisite_air_quality/epoch15/mr0.3_bs32_dm64_ffn64_h2_ly1_proftrue/tensorboard
2025-08-24 02:06:19 [INFO]: Using customized MAE as the training loss function.
2025-08-24 02:06:19 [INFO]: Using customized MSE as the validation metric function.
2025-08-24 02:06:21 [INFO]: Model placed on cuda:6
2025-08-24 02:06:21 [INFO]: GPT4TS initialized with the given hyperparameters.
 â”œâ”€ Total parameters: 46,938,756
 â”œâ”€ Trainable parameters: 1,198,212
 â””â”€ Trainable ratio: 2.55%
2025-08-24 02:06:22 [ERROR]: âŒ Exception: `predictions` mustn't contain NaN values, but detected NaN in it
Traceback (most recent call last):
  File "/home/23r8105_messou/lab/iPyPOTS/pypots/base.py", line 748, in _train_model
    results = self.model(inputs, calc_criterion=True)
              ^^^^^^^^^^^^^^^^^^^^^^^^^^^^^^^^^^^^^^^
  File "/home/23r8105_messou/anaconda3/envs/pypots/lib/python3.12/site-packages/torch/nn/modules/module.py", line 1736, in _wrapped_call_impl
    return self._call_impl(*args, **kwargs)
           ^^^^^^^^^^^^^^^^^^^^^^^^^^^^^^^^
  File "/home/23r8105_messou/anaconda3/envs/pypots/lib/python3.12/site-packages/torch/nn/modules/module.py", line 1747, in _call_impl
    return forward_call(*args, **kwargs)
           ^^^^^^^^^^^^^^^^^^^^^^^^^^^^^
  File "/home/23r8105_messou/lab/iPyPOTS/pypots/imputation/gpt4ts/core.py", line 78, in forward
    loss = self.training_loss(reconstruction, X_ori, indicating_mask)
           ^^^^^^^^^^^^^^^^^^^^^^^^^^^^^^^^^^^^^^^^^^^^^^^^^^^^^^^^^^
  File "/home/23r8105_messou/anaconda3/envs/pypots/lib/python3.12/site-packages/torch/nn/modules/module.py", line 1736, in _wrapped_call_impl
    return self._call_impl(*args, **kwargs)
           ^^^^^^^^^^^^^^^^^^^^^^^^^^^^^^^^
  File "/home/23r8105_messou/anaconda3/envs/pypots/lib/python3.12/site-packages/torch/nn/modules/module.py", line 1747, in _call_impl
    return forward_call(*args, **kwargs)
           ^^^^^^^^^^^^^^^^^^^^^^^^^^^^^
  File "/home/23r8105_messou/lab/iPyPOTS/pypots/nn/modules/loss.py", line 81, in forward
    value = calc_mae(logits, targets, masks)
            ^^^^^^^^^^^^^^^^^^^^^^^^^^^^^^^^
  File "/home/23r8105_messou/lab/iPyPOTS/pypots/nn/functional/error.py", line 98, in calc_mae
    lib = _check_inputs(predictions, targets, masks)
          ^^^^^^^^^^^^^^^^^^^^^^^^^^^^^^^^^^^^^^^^^^
  File "/home/23r8105_messou/lab/iPyPOTS/pypots/nn/functional/error.py", line 34, in _check_inputs
    assert not lib.isnan(predictions).any(), "`predictions` mustn't contain NaN values, but detected NaN in it"
           ^^^^^^^^^^^^^^^^^^^^^^^^^^^^^^^^
AssertionError: `predictions` mustn't contain NaN values, but detected NaN in it

During handling of the above exception, another exception occurred:

Traceback (most recent call last):
  File "/home/23r8105_messou/lab/iPyPOTS/main.py", line 80, in <module>
    main(args)
  File "/home/23r8105_messou/lab/iPyPOTS/main.py", line 59, in main
    mae, mse, rmse, mre = MODEL_PIPELINES[model_name](dataset, args)
                          ^^^^^^^^^^^^^^^^^^^^^^^^^^^^^^^^^^^^^^^^^^
  File "/home/23r8105_messou/lab/iPyPOTS/pipeline/imputations/gpt4ts.py", line 58, in train_and_evaluate_gpt4ts
    gpt4ts.fit(train_set=train_set, val_set=val_set)
  File "/home/23r8105_messou/lab/iPyPOTS/pypots/imputation/gpt4ts/model.py", line 259, in fit
    self._train_model(train_dataloader, val_dataloader)
  File "/home/23r8105_messou/lab/iPyPOTS/pypots/base.py", line 825, in _train_model
    raise RuntimeError(
RuntimeError: Training got interrupted. Model was not trained. Please investigate the error printed above.
srun: error: ai-gpgpu14: task 0: Exited with exit code 1
âŒ FAIL(1): beijing_multisite_air_quality | mr0.3_bs32_dm64_ffn64_h2_ly1_proftrue
ğŸ”¥ RUN: gpt4ts | beijing_multisite_air_quality | mr0.4_bs32_dm64_ffn64_h2_ly1_proftrue (DEVICE=cuda:6, N_STEPS=48, N_FEATURES=36)
[34m
â–ˆâ–ˆâ–ˆâ–ˆâ–ˆâ–ˆâ–ˆâ–ˆâ•—â–ˆâ–ˆâ•—â–ˆâ–ˆâ–ˆâ•—   â–ˆâ–ˆâ–ˆâ•—â–ˆâ–ˆâ–ˆâ–ˆâ–ˆâ–ˆâ–ˆâ•—    â–ˆâ–ˆâ–ˆâ–ˆâ–ˆâ–ˆâ–ˆâ•—â–ˆâ–ˆâ–ˆâ–ˆâ–ˆâ–ˆâ–ˆâ•—â–ˆâ–ˆâ–ˆâ–ˆâ–ˆâ–ˆâ•— â–ˆâ–ˆâ•—â–ˆâ–ˆâ–ˆâ–ˆâ–ˆâ–ˆâ–ˆâ•—â–ˆâ–ˆâ–ˆâ–ˆâ–ˆâ–ˆâ–ˆâ•—    â–ˆâ–ˆâ–ˆâ–ˆâ–ˆâ•— â–ˆâ–ˆâ•—
â•šâ•â•â–ˆâ–ˆâ•”â•â•â•â–ˆâ–ˆâ•‘â–ˆâ–ˆâ–ˆâ–ˆâ•— â–ˆâ–ˆâ–ˆâ–ˆâ•‘â–ˆâ–ˆâ•”â•â•â•â•â•    â–ˆâ–ˆâ•”â•â•â•â•â•â–ˆâ–ˆâ•”â•â•â•â•â•â–ˆâ–ˆâ•”â•â•â–ˆâ–ˆâ•—â–ˆâ–ˆâ•‘â–ˆâ–ˆâ•”â•â•â•â•â•â–ˆâ–ˆâ•”â•â•â•â•â•   â–ˆâ–ˆâ•”â•â•â–ˆâ–ˆâ•—â–ˆâ–ˆâ•‘
   â–ˆâ–ˆâ•‘   â–ˆâ–ˆâ•‘â–ˆâ–ˆâ•”â–ˆâ–ˆâ–ˆâ–ˆâ•”â–ˆâ–ˆâ•‘â–ˆâ–ˆâ–ˆâ–ˆâ–ˆâ•—â–ˆâ–ˆâ–ˆâ–ˆâ–ˆâ•—â–ˆâ–ˆâ–ˆâ–ˆâ–ˆâ–ˆâ–ˆâ•—â–ˆâ–ˆâ–ˆâ–ˆâ–ˆâ•—  â–ˆâ–ˆâ–ˆâ–ˆâ–ˆâ–ˆâ•”â•â–ˆâ–ˆâ•‘â–ˆâ–ˆâ–ˆâ–ˆâ–ˆâ•—  â–ˆâ–ˆâ–ˆâ–ˆâ–ˆâ–ˆâ–ˆâ•—   â–ˆâ–ˆâ–ˆâ–ˆâ–ˆâ–ˆâ–ˆâ•‘â–ˆâ–ˆâ•‘
   â–ˆâ–ˆâ•‘   â–ˆâ–ˆâ•‘â–ˆâ–ˆâ•‘â•šâ–ˆâ–ˆâ•”â•â–ˆâ–ˆâ•‘â–ˆâ–ˆâ•”â•â•â•â•šâ•â•â•â•â•â•šâ•â•â•â•â–ˆâ–ˆâ•‘â–ˆâ–ˆâ•”â•â•â•  â–ˆâ–ˆâ•”â•â•â–ˆâ–ˆâ•—â–ˆâ–ˆâ•‘â–ˆâ–ˆâ•”â•â•â•  â•šâ•â•â•â•â–ˆâ–ˆâ•‘   â–ˆâ–ˆâ•”â•â•â–ˆâ–ˆâ•‘â–ˆâ–ˆâ•‘
   â–ˆâ–ˆâ•‘   â–ˆâ–ˆâ•‘â–ˆâ–ˆâ•‘ â•šâ•â• â–ˆâ–ˆâ•‘â–ˆâ–ˆâ–ˆâ–ˆâ–ˆâ–ˆâ–ˆâ•—    â–ˆâ–ˆâ–ˆâ–ˆâ–ˆâ–ˆâ–ˆâ•‘â–ˆâ–ˆâ–ˆâ–ˆâ–ˆâ–ˆâ–ˆâ•—â–ˆâ–ˆâ•‘  â–ˆâ–ˆâ•‘â–ˆâ–ˆâ•‘â–ˆâ–ˆâ–ˆâ–ˆâ–ˆâ–ˆâ–ˆâ•—â–ˆâ–ˆâ–ˆâ–ˆâ–ˆâ–ˆâ–ˆâ•‘â–ˆâ–ˆâ•—â–ˆâ–ˆâ•‘  â–ˆâ–ˆâ•‘â–ˆâ–ˆâ•‘
   â•šâ•â•   â•šâ•â•â•šâ•â•     â•šâ•â•â•šâ•â•â•â•â•â•â•    â•šâ•â•â•â•â•â•â•â•šâ•â•â•â•â•â•â•â•šâ•â•  â•šâ•â•â•šâ•â•â•šâ•â•â•â•â•â•â•â•šâ•â•â•â•â•â•â•â•šâ•â•â•šâ•â•  â•šâ•â•â•šâ•â•
ai4ts v0.0.3 - building AI for unified time-series analysis, https://time-series.ai [0m

Use Train GPT: False
Use Lora: False
Use Profiling: True
ğŸš€ Running imputation pipeline for model: gpt4ts
â„¹ï¸ TSDB migration not needed, directory exists: /home/23r8105_messou/lab/iPyPOTS/datasets
2025-08-24 02:06:56 [INFO]: Have set the random seed as 2025 for numpy and pytorch.
2025-08-24 02:06:56 [INFO]: You're using dataset beijing_multisite_air_quality, please cite it properly in your work. You can find its reference information at the below link: 
https://github.com/WenjieDu/TSDB/tree/main/dataset_profiles/beijing_multisite_air_quality
2025-08-24 02:06:56 [INFO]: Dataset beijing_multisite_air_quality has already been downloaded. Processing directly...
2025-08-24 02:06:56 [INFO]: Dataset beijing_multisite_air_quality has already been cached. Loading from cache directly...
2025-08-24 02:06:56 [INFO]: Loaded successfully!
2025-08-24 02:06:56 [INFO]: Current dataframe shape: (35064, 18)
/home/23r8105_messou/anaconda3/envs/pypots/lib/python3.12/site-packages/benchpots/datasets/beijing_multisite_air_quality.py:60: SettingWithCopyWarning: 
A value is trying to be set on a copy of a slice from a DataFrame.
Try using .loc[row_indexer,col_indexer] = value instead

See the caveats in the documentation: https://pandas.pydata.org/pandas-docs/stable/user_guide/indexing.html#returning-a-view-versus-a-copy
  current_df["date_time"] = pd.to_datetime(
2025-08-24 02:06:56 [INFO]: Current dataframe shape: (35064, 18)
/home/23r8105_messou/anaconda3/envs/pypots/lib/python3.12/site-packages/benchpots/datasets/beijing_multisite_air_quality.py:60: SettingWithCopyWarning: 
A value is trying to be set on a copy of a slice from a DataFrame.
Try using .loc[row_indexer,col_indexer] = value instead

See the caveats in the documentation: https://pandas.pydata.org/pandas-docs/stable/user_guide/indexing.html#returning-a-view-versus-a-copy
  current_df["date_time"] = pd.to_datetime(
2025-08-24 02:06:56 [INFO]: Current dataframe shape: (35064, 18)
/home/23r8105_messou/anaconda3/envs/pypots/lib/python3.12/site-packages/benchpots/datasets/beijing_multisite_air_quality.py:60: SettingWithCopyWarning: 
A value is trying to be set on a copy of a slice from a DataFrame.
Try using .loc[row_indexer,col_indexer] = value instead

See the caveats in the documentation: https://pandas.pydata.org/pandas-docs/stable/user_guide/indexing.html#returning-a-view-versus-a-copy
  current_df["date_time"] = pd.to_datetime(
2025-08-24 02:06:56 [INFO]: Current dataframe shape: (35064, 18)
/home/23r8105_messou/anaconda3/envs/pypots/lib/python3.12/site-packages/benchpots/datasets/beijing_multisite_air_quality.py:60: SettingWithCopyWarning: 
A value is trying to be set on a copy of a slice from a DataFrame.
Try using .loc[row_indexer,col_indexer] = value instead

See the caveats in the documentation: https://pandas.pydata.org/pandas-docs/stable/user_guide/indexing.html#returning-a-view-versus-a-copy
  current_df["date_time"] = pd.to_datetime(
2025-08-24 02:06:56 [INFO]: Current dataframe shape: (35064, 18)
/home/23r8105_messou/anaconda3/envs/pypots/lib/python3.12/site-packages/benchpots/datasets/beijing_multisite_air_quality.py:60: SettingWithCopyWarning: 
A value is trying to be set on a copy of a slice from a DataFrame.
Try using .loc[row_indexer,col_indexer] = value instead

See the caveats in the documentation: https://pandas.pydata.org/pandas-docs/stable/user_guide/indexing.html#returning-a-view-versus-a-copy
  current_df["date_time"] = pd.to_datetime(
2025-08-24 02:06:56 [INFO]: Current dataframe shape: (35064, 18)
/home/23r8105_messou/anaconda3/envs/pypots/lib/python3.12/site-packages/benchpots/datasets/beijing_multisite_air_quality.py:60: SettingWithCopyWarning: 
A value is trying to be set on a copy of a slice from a DataFrame.
Try using .loc[row_indexer,col_indexer] = value instead

See the caveats in the documentation: https://pandas.pydata.org/pandas-docs/stable/user_guide/indexing.html#returning-a-view-versus-a-copy
  current_df["date_time"] = pd.to_datetime(
2025-08-24 02:06:56 [INFO]: Current dataframe shape: (35064, 18)
/home/23r8105_messou/anaconda3/envs/pypots/lib/python3.12/site-packages/benchpots/datasets/beijing_multisite_air_quality.py:60: SettingWithCopyWarning: 
A value is trying to be set on a copy of a slice from a DataFrame.
Try using .loc[row_indexer,col_indexer] = value instead

See the caveats in the documentation: https://pandas.pydata.org/pandas-docs/stable/user_guide/indexing.html#returning-a-view-versus-a-copy
  current_df["date_time"] = pd.to_datetime(
2025-08-24 02:06:56 [INFO]: Current dataframe shape: (35064, 18)
/home/23r8105_messou/anaconda3/envs/pypots/lib/python3.12/site-packages/benchpots/datasets/beijing_multisite_air_quality.py:60: SettingWithCopyWarning: 
A value is trying to be set on a copy of a slice from a DataFrame.
Try using .loc[row_indexer,col_indexer] = value instead

See the caveats in the documentation: https://pandas.pydata.org/pandas-docs/stable/user_guide/indexing.html#returning-a-view-versus-a-copy
  current_df["date_time"] = pd.to_datetime(
2025-08-24 02:06:56 [INFO]: Current dataframe shape: (35064, 18)
/home/23r8105_messou/anaconda3/envs/pypots/lib/python3.12/site-packages/benchpots/datasets/beijing_multisite_air_quality.py:60: SettingWithCopyWarning: 
A value is trying to be set on a copy of a slice from a DataFrame.
Try using .loc[row_indexer,col_indexer] = value instead

See the caveats in the documentation: https://pandas.pydata.org/pandas-docs/stable/user_guide/indexing.html#returning-a-view-versus-a-copy
  current_df["date_time"] = pd.to_datetime(
2025-08-24 02:06:56 [INFO]: Current dataframe shape: (35064, 18)
/home/23r8105_messou/anaconda3/envs/pypots/lib/python3.12/site-packages/benchpots/datasets/beijing_multisite_air_quality.py:60: SettingWithCopyWarning: 
A value is trying to be set on a copy of a slice from a DataFrame.
Try using .loc[row_indexer,col_indexer] = value instead

See the caveats in the documentation: https://pandas.pydata.org/pandas-docs/stable/user_guide/indexing.html#returning-a-view-versus-a-copy
  current_df["date_time"] = pd.to_datetime(
2025-08-24 02:06:57 [INFO]: Current dataframe shape: (35064, 18)
/home/23r8105_messou/anaconda3/envs/pypots/lib/python3.12/site-packages/benchpots/datasets/beijing_multisite_air_quality.py:60: SettingWithCopyWarning: 
A value is trying to be set on a copy of a slice from a DataFrame.
Try using .loc[row_indexer,col_indexer] = value instead

See the caveats in the documentation: https://pandas.pydata.org/pandas-docs/stable/user_guide/indexing.html#returning-a-view-versus-a-copy
  current_df["date_time"] = pd.to_datetime(
2025-08-24 02:06:57 [INFO]: Current dataframe shape: (35064, 18)
/home/23r8105_messou/anaconda3/envs/pypots/lib/python3.12/site-packages/benchpots/datasets/beijing_multisite_air_quality.py:60: SettingWithCopyWarning: 
A value is trying to be set on a copy of a slice from a DataFrame.
Try using .loc[row_indexer,col_indexer] = value instead

See the caveats in the documentation: https://pandas.pydata.org/pandas-docs/stable/user_guide/indexing.html#returning-a-view-versus-a-copy
  current_df["date_time"] = pd.to_datetime(
2025-08-24 02:06:57 [INFO]: There are total 12 stations, they are ['Aotizhongxin', 'Changping', 'Dingling', 'Dongsi', 'Guanyuan', 'Gucheng', 'Huairou', 'Nongzhanguan', 'Shunyi', 'Tiantan', 'Wanliu', 'Wanshouxigong']
2025-08-24 02:06:57 [INFO]: Original df missing rate: 0.016
2025-08-24 02:06:57 [INFO]: months selected as train set are <PeriodArray>
['2013-03', '2013-04', '2013-05', '2013-06', '2013-07', '2013-08', '2013-09',
 '2013-10', '2013-11', '2013-12', '2014-01', '2014-02', '2014-03', '2014-04',
 '2014-05', '2014-06', '2014-07', '2014-08', '2014-09', '2014-10', '2014-11',
 '2014-12', '2015-01', '2015-02', '2015-03', '2015-04', '2015-05', '2015-06']
Length: 28, dtype: period[M]
2025-08-24 02:06:57 [INFO]: months selected as val set are <PeriodArray>
['2015-07', '2015-08', '2015-09', '2015-10', '2015-11', '2015-12', '2016-01',
 '2016-02', '2016-03', '2016-04']
Length: 10, dtype: period[M]
2025-08-24 02:06:57 [INFO]: months selected as test set are <PeriodArray>
['2016-05', '2016-06', '2016-07', '2016-08', '2016-09', '2016-10', '2016-11',
 '2016-12', '2017-01', '2017-02']
Length: 10, dtype: period[M]
2025-08-24 02:06:57 [INFO]: Total sample number: 730
2025-08-24 02:06:57 [INFO]: Training set size: 426 (58.36%)
2025-08-24 02:06:57 [INFO]: Validation set size: 152 (20.82%)
2025-08-24 02:06:57 [INFO]: Test set size: 152 (20.82%)
2025-08-24 02:06:57 [INFO]: Number of steps: 48
2025-08-24 02:06:57 [INFO]: Number of features: 132
2025-08-24 02:06:57 [INFO]: Train set missing rate: 41.13%
2025-08-24 02:06:57 [INFO]: Validating set missing rate: 40.51%
2025-08-24 02:06:57 [INFO]: Test set missing rate: 40.77%
âœ… Dataset 'beijing_multisite_air_quality' with missing rate 0.4 loaded at: /home/23r8105_messou/lab/iPyPOTS/datasets/rate_0.4
ğŸš€ Starting GPT4TS training pipeline...
2025-08-24 02:06:57 [INFO]: ğŸ”¥ğŸ”¥ğŸ”¥ğŸ”¥ğŸ”¥ğŸ”¥ğŸ”¥ğŸ”¥ğŸ”¥ğŸ”¥Using device list: ['cuda:6']
2025-08-24 02:06:57 [INFO]: ğŸ”¥ğŸ”¥ğŸ”¥ğŸ”¥ğŸ”¥ğŸ”¥ğŸ”¥ğŸ”¥ğŸ”¥ğŸ”¥Using the given device: cuda:6
2025-08-24 02:06:58 [INFO]: Model files will be saved to output/imputation/cuda:6/gpt4ts/beijing_multisite_air_quality/epoch15/mr0.4_bs32_dm64_ffn64_h2_ly1_proftrue
2025-08-24 02:06:58 [INFO]: Tensorboard file will be saved to output/imputation/cuda:6/gpt4ts/beijing_multisite_air_quality/epoch15/mr0.4_bs32_dm64_ffn64_h2_ly1_proftrue/tensorboard
2025-08-24 02:06:58 [INFO]: Using customized MAE as the training loss function.
2025-08-24 02:06:58 [INFO]: Using customized MSE as the validation metric function.
2025-08-24 02:07:00 [INFO]: Model placed on cuda:6
2025-08-24 02:07:00 [INFO]: GPT4TS initialized with the given hyperparameters.
 â”œâ”€ Total parameters: 46,938,756
 â”œâ”€ Trainable parameters: 1,198,212
 â””â”€ Trainable ratio: 2.55%
2025-08-24 02:07:01 [ERROR]: âŒ Exception: `predictions` mustn't contain NaN values, but detected NaN in it
Traceback (most recent call last):
  File "/home/23r8105_messou/lab/iPyPOTS/pypots/base.py", line 748, in _train_model
    results = self.model(inputs, calc_criterion=True)
              ^^^^^^^^^^^^^^^^^^^^^^^^^^^^^^^^^^^^^^^
  File "/home/23r8105_messou/anaconda3/envs/pypots/lib/python3.12/site-packages/torch/nn/modules/module.py", line 1736, in _wrapped_call_impl
    return self._call_impl(*args, **kwargs)
           ^^^^^^^^^^^^^^^^^^^^^^^^^^^^^^^^
  File "/home/23r8105_messou/anaconda3/envs/pypots/lib/python3.12/site-packages/torch/nn/modules/module.py", line 1747, in _call_impl
    return forward_call(*args, **kwargs)
           ^^^^^^^^^^^^^^^^^^^^^^^^^^^^^
  File "/home/23r8105_messou/lab/iPyPOTS/pypots/imputation/gpt4ts/core.py", line 78, in forward
    loss = self.training_loss(reconstruction, X_ori, indicating_mask)
           ^^^^^^^^^^^^^^^^^^^^^^^^^^^^^^^^^^^^^^^^^^^^^^^^^^^^^^^^^^
  File "/home/23r8105_messou/anaconda3/envs/pypots/lib/python3.12/site-packages/torch/nn/modules/module.py", line 1736, in _wrapped_call_impl
    return self._call_impl(*args, **kwargs)
           ^^^^^^^^^^^^^^^^^^^^^^^^^^^^^^^^
  File "/home/23r8105_messou/anaconda3/envs/pypots/lib/python3.12/site-packages/torch/nn/modules/module.py", line 1747, in _call_impl
    return forward_call(*args, **kwargs)
           ^^^^^^^^^^^^^^^^^^^^^^^^^^^^^
  File "/home/23r8105_messou/lab/iPyPOTS/pypots/nn/modules/loss.py", line 81, in forward
    value = calc_mae(logits, targets, masks)
            ^^^^^^^^^^^^^^^^^^^^^^^^^^^^^^^^
  File "/home/23r8105_messou/lab/iPyPOTS/pypots/nn/functional/error.py", line 98, in calc_mae
    lib = _check_inputs(predictions, targets, masks)
          ^^^^^^^^^^^^^^^^^^^^^^^^^^^^^^^^^^^^^^^^^^
  File "/home/23r8105_messou/lab/iPyPOTS/pypots/nn/functional/error.py", line 34, in _check_inputs
    assert not lib.isnan(predictions).any(), "`predictions` mustn't contain NaN values, but detected NaN in it"
           ^^^^^^^^^^^^^^^^^^^^^^^^^^^^^^^^
AssertionError: `predictions` mustn't contain NaN values, but detected NaN in it

During handling of the above exception, another exception occurred:

Traceback (most recent call last):
  File "/home/23r8105_messou/lab/iPyPOTS/main.py", line 80, in <module>
    main(args)
  File "/home/23r8105_messou/lab/iPyPOTS/main.py", line 59, in main
    mae, mse, rmse, mre = MODEL_PIPELINES[model_name](dataset, args)
                          ^^^^^^^^^^^^^^^^^^^^^^^^^^^^^^^^^^^^^^^^^^
  File "/home/23r8105_messou/lab/iPyPOTS/pipeline/imputations/gpt4ts.py", line 58, in train_and_evaluate_gpt4ts
    gpt4ts.fit(train_set=train_set, val_set=val_set)
  File "/home/23r8105_messou/lab/iPyPOTS/pypots/imputation/gpt4ts/model.py", line 259, in fit
    self._train_model(train_dataloader, val_dataloader)
  File "/home/23r8105_messou/lab/iPyPOTS/pypots/base.py", line 825, in _train_model
    raise RuntimeError(
RuntimeError: Training got interrupted. Model was not trained. Please investigate the error printed above.
srun: error: ai-gpgpu14: task 0: Exited with exit code 1
âŒ FAIL(1): beijing_multisite_air_quality | mr0.4_bs32_dm64_ffn64_h2_ly1_proftrue
ğŸ”¥ RUN: gpt4ts | beijing_multisite_air_quality | mr0.5_bs32_dm64_ffn64_h2_ly1_proftrue (DEVICE=cuda:6, N_STEPS=48, N_FEATURES=36)
[34m
â–ˆâ–ˆâ–ˆâ–ˆâ–ˆâ–ˆâ–ˆâ–ˆâ•—â–ˆâ–ˆâ•—â–ˆâ–ˆâ–ˆâ•—   â–ˆâ–ˆâ–ˆâ•—â–ˆâ–ˆâ–ˆâ–ˆâ–ˆâ–ˆâ–ˆâ•—    â–ˆâ–ˆâ–ˆâ–ˆâ–ˆâ–ˆâ–ˆâ•—â–ˆâ–ˆâ–ˆâ–ˆâ–ˆâ–ˆâ–ˆâ•—â–ˆâ–ˆâ–ˆâ–ˆâ–ˆâ–ˆâ•— â–ˆâ–ˆâ•—â–ˆâ–ˆâ–ˆâ–ˆâ–ˆâ–ˆâ–ˆâ•—â–ˆâ–ˆâ–ˆâ–ˆâ–ˆâ–ˆâ–ˆâ•—    â–ˆâ–ˆâ–ˆâ–ˆâ–ˆâ•— â–ˆâ–ˆâ•—
â•šâ•â•â–ˆâ–ˆâ•”â•â•â•â–ˆâ–ˆâ•‘â–ˆâ–ˆâ–ˆâ–ˆâ•— â–ˆâ–ˆâ–ˆâ–ˆâ•‘â–ˆâ–ˆâ•”â•â•â•â•â•    â–ˆâ–ˆâ•”â•â•â•â•â•â–ˆâ–ˆâ•”â•â•â•â•â•â–ˆâ–ˆâ•”â•â•â–ˆâ–ˆâ•—â–ˆâ–ˆâ•‘â–ˆâ–ˆâ•”â•â•â•â•â•â–ˆâ–ˆâ•”â•â•â•â•â•   â–ˆâ–ˆâ•”â•â•â–ˆâ–ˆâ•—â–ˆâ–ˆâ•‘
   â–ˆâ–ˆâ•‘   â–ˆâ–ˆâ•‘â–ˆâ–ˆâ•”â–ˆâ–ˆâ–ˆâ–ˆâ•”â–ˆâ–ˆâ•‘â–ˆâ–ˆâ–ˆâ–ˆâ–ˆâ•—â–ˆâ–ˆâ–ˆâ–ˆâ–ˆâ•—â–ˆâ–ˆâ–ˆâ–ˆâ–ˆâ–ˆâ–ˆâ•—â–ˆâ–ˆâ–ˆâ–ˆâ–ˆâ•—  â–ˆâ–ˆâ–ˆâ–ˆâ–ˆâ–ˆâ•”â•â–ˆâ–ˆâ•‘â–ˆâ–ˆâ–ˆâ–ˆâ–ˆâ•—  â–ˆâ–ˆâ–ˆâ–ˆâ–ˆâ–ˆâ–ˆâ•—   â–ˆâ–ˆâ–ˆâ–ˆâ–ˆâ–ˆâ–ˆâ•‘â–ˆâ–ˆâ•‘
   â–ˆâ–ˆâ•‘   â–ˆâ–ˆâ•‘â–ˆâ–ˆâ•‘â•šâ–ˆâ–ˆâ•”â•â–ˆâ–ˆâ•‘â–ˆâ–ˆâ•”â•â•â•â•šâ•â•â•â•â•â•šâ•â•â•â•â–ˆâ–ˆâ•‘â–ˆâ–ˆâ•”â•â•â•  â–ˆâ–ˆâ•”â•â•â–ˆâ–ˆâ•—â–ˆâ–ˆâ•‘â–ˆâ–ˆâ•”â•â•â•  â•šâ•â•â•â•â–ˆâ–ˆâ•‘   â–ˆâ–ˆâ•”â•â•â–ˆâ–ˆâ•‘â–ˆâ–ˆâ•‘
   â–ˆâ–ˆâ•‘   â–ˆâ–ˆâ•‘â–ˆâ–ˆâ•‘ â•šâ•â• â–ˆâ–ˆâ•‘â–ˆâ–ˆâ–ˆâ–ˆâ–ˆâ–ˆâ–ˆâ•—    â–ˆâ–ˆâ–ˆâ–ˆâ–ˆâ–ˆâ–ˆâ•‘â–ˆâ–ˆâ–ˆâ–ˆâ–ˆâ–ˆâ–ˆâ•—â–ˆâ–ˆâ•‘  â–ˆâ–ˆâ•‘â–ˆâ–ˆâ•‘â–ˆâ–ˆâ–ˆâ–ˆâ–ˆâ–ˆâ–ˆâ•—â–ˆâ–ˆâ–ˆâ–ˆâ–ˆâ–ˆâ–ˆâ•‘â–ˆâ–ˆâ•—â–ˆâ–ˆâ•‘  â–ˆâ–ˆâ•‘â–ˆâ–ˆâ•‘
   â•šâ•â•   â•šâ•â•â•šâ•â•     â•šâ•â•â•šâ•â•â•â•â•â•â•    â•šâ•â•â•â•â•â•â•â•šâ•â•â•â•â•â•â•â•šâ•â•  â•šâ•â•â•šâ•â•â•šâ•â•â•â•â•â•â•â•šâ•â•â•â•â•â•â•â•šâ•â•â•šâ•â•  â•šâ•â•â•šâ•â•
ai4ts v0.0.3 - building AI for unified time-series analysis, https://time-series.ai [0m

Use Train GPT: False
Use Lora: False
Use Profiling: True
ğŸš€ Running imputation pipeline for model: gpt4ts
â„¹ï¸ TSDB migration not needed, directory exists: /home/23r8105_messou/lab/iPyPOTS/datasets
2025-08-24 02:07:44 [INFO]: Have set the random seed as 2025 for numpy and pytorch.
2025-08-24 02:07:44 [INFO]: You're using dataset beijing_multisite_air_quality, please cite it properly in your work. You can find its reference information at the below link: 
https://github.com/WenjieDu/TSDB/tree/main/dataset_profiles/beijing_multisite_air_quality
2025-08-24 02:07:44 [INFO]: Dataset beijing_multisite_air_quality has already been downloaded. Processing directly...
2025-08-24 02:07:44 [INFO]: Dataset beijing_multisite_air_quality has already been cached. Loading from cache directly...
2025-08-24 02:07:44 [INFO]: Loaded successfully!
2025-08-24 02:07:44 [INFO]: Current dataframe shape: (35064, 18)
/home/23r8105_messou/anaconda3/envs/pypots/lib/python3.12/site-packages/benchpots/datasets/beijing_multisite_air_quality.py:60: SettingWithCopyWarning: 
A value is trying to be set on a copy of a slice from a DataFrame.
Try using .loc[row_indexer,col_indexer] = value instead

See the caveats in the documentation: https://pandas.pydata.org/pandas-docs/stable/user_guide/indexing.html#returning-a-view-versus-a-copy
  current_df["date_time"] = pd.to_datetime(
2025-08-24 02:07:44 [INFO]: Current dataframe shape: (35064, 18)
/home/23r8105_messou/anaconda3/envs/pypots/lib/python3.12/site-packages/benchpots/datasets/beijing_multisite_air_quality.py:60: SettingWithCopyWarning: 
A value is trying to be set on a copy of a slice from a DataFrame.
Try using .loc[row_indexer,col_indexer] = value instead

See the caveats in the documentation: https://pandas.pydata.org/pandas-docs/stable/user_guide/indexing.html#returning-a-view-versus-a-copy
  current_df["date_time"] = pd.to_datetime(
2025-08-24 02:07:44 [INFO]: Current dataframe shape: (35064, 18)
/home/23r8105_messou/anaconda3/envs/pypots/lib/python3.12/site-packages/benchpots/datasets/beijing_multisite_air_quality.py:60: SettingWithCopyWarning: 
A value is trying to be set on a copy of a slice from a DataFrame.
Try using .loc[row_indexer,col_indexer] = value instead

See the caveats in the documentation: https://pandas.pydata.org/pandas-docs/stable/user_guide/indexing.html#returning-a-view-versus-a-copy
  current_df["date_time"] = pd.to_datetime(
2025-08-24 02:07:44 [INFO]: Current dataframe shape: (35064, 18)
/home/23r8105_messou/anaconda3/envs/pypots/lib/python3.12/site-packages/benchpots/datasets/beijing_multisite_air_quality.py:60: SettingWithCopyWarning: 
A value is trying to be set on a copy of a slice from a DataFrame.
Try using .loc[row_indexer,col_indexer] = value instead

See the caveats in the documentation: https://pandas.pydata.org/pandas-docs/stable/user_guide/indexing.html#returning-a-view-versus-a-copy
  current_df["date_time"] = pd.to_datetime(
2025-08-24 02:07:44 [INFO]: Current dataframe shape: (35064, 18)
/home/23r8105_messou/anaconda3/envs/pypots/lib/python3.12/site-packages/benchpots/datasets/beijing_multisite_air_quality.py:60: SettingWithCopyWarning: 
A value is trying to be set on a copy of a slice from a DataFrame.
Try using .loc[row_indexer,col_indexer] = value instead

See the caveats in the documentation: https://pandas.pydata.org/pandas-docs/stable/user_guide/indexing.html#returning-a-view-versus-a-copy
  current_df["date_time"] = pd.to_datetime(
2025-08-24 02:07:44 [INFO]: Current dataframe shape: (35064, 18)
/home/23r8105_messou/anaconda3/envs/pypots/lib/python3.12/site-packages/benchpots/datasets/beijing_multisite_air_quality.py:60: SettingWithCopyWarning: 
A value is trying to be set on a copy of a slice from a DataFrame.
Try using .loc[row_indexer,col_indexer] = value instead

See the caveats in the documentation: https://pandas.pydata.org/pandas-docs/stable/user_guide/indexing.html#returning-a-view-versus-a-copy
  current_df["date_time"] = pd.to_datetime(
2025-08-24 02:07:44 [INFO]: Current dataframe shape: (35064, 18)
/home/23r8105_messou/anaconda3/envs/pypots/lib/python3.12/site-packages/benchpots/datasets/beijing_multisite_air_quality.py:60: SettingWithCopyWarning: 
A value is trying to be set on a copy of a slice from a DataFrame.
Try using .loc[row_indexer,col_indexer] = value instead

See the caveats in the documentation: https://pandas.pydata.org/pandas-docs/stable/user_guide/indexing.html#returning-a-view-versus-a-copy
  current_df["date_time"] = pd.to_datetime(
2025-08-24 02:07:44 [INFO]: Current dataframe shape: (35064, 18)
/home/23r8105_messou/anaconda3/envs/pypots/lib/python3.12/site-packages/benchpots/datasets/beijing_multisite_air_quality.py:60: SettingWithCopyWarning: 
A value is trying to be set on a copy of a slice from a DataFrame.
Try using .loc[row_indexer,col_indexer] = value instead

See the caveats in the documentation: https://pandas.pydata.org/pandas-docs/stable/user_guide/indexing.html#returning-a-view-versus-a-copy
  current_df["date_time"] = pd.to_datetime(
2025-08-24 02:07:44 [INFO]: Current dataframe shape: (35064, 18)
/home/23r8105_messou/anaconda3/envs/pypots/lib/python3.12/site-packages/benchpots/datasets/beijing_multisite_air_quality.py:60: SettingWithCopyWarning: 
A value is trying to be set on a copy of a slice from a DataFrame.
Try using .loc[row_indexer,col_indexer] = value instead

See the caveats in the documentation: https://pandas.pydata.org/pandas-docs/stable/user_guide/indexing.html#returning-a-view-versus-a-copy
  current_df["date_time"] = pd.to_datetime(
2025-08-24 02:07:44 [INFO]: Current dataframe shape: (35064, 18)
/home/23r8105_messou/anaconda3/envs/pypots/lib/python3.12/site-packages/benchpots/datasets/beijing_multisite_air_quality.py:60: SettingWithCopyWarning: 
A value is trying to be set on a copy of a slice from a DataFrame.
Try using .loc[row_indexer,col_indexer] = value instead

See the caveats in the documentation: https://pandas.pydata.org/pandas-docs/stable/user_guide/indexing.html#returning-a-view-versus-a-copy
  current_df["date_time"] = pd.to_datetime(
2025-08-24 02:07:44 [INFO]: Current dataframe shape: (35064, 18)
/home/23r8105_messou/anaconda3/envs/pypots/lib/python3.12/site-packages/benchpots/datasets/beijing_multisite_air_quality.py:60: SettingWithCopyWarning: 
A value is trying to be set on a copy of a slice from a DataFrame.
Try using .loc[row_indexer,col_indexer] = value instead

See the caveats in the documentation: https://pandas.pydata.org/pandas-docs/stable/user_guide/indexing.html#returning-a-view-versus-a-copy
  current_df["date_time"] = pd.to_datetime(
2025-08-24 02:07:44 [INFO]: Current dataframe shape: (35064, 18)
/home/23r8105_messou/anaconda3/envs/pypots/lib/python3.12/site-packages/benchpots/datasets/beijing_multisite_air_quality.py:60: SettingWithCopyWarning: 
A value is trying to be set on a copy of a slice from a DataFrame.
Try using .loc[row_indexer,col_indexer] = value instead

See the caveats in the documentation: https://pandas.pydata.org/pandas-docs/stable/user_guide/indexing.html#returning-a-view-versus-a-copy
  current_df["date_time"] = pd.to_datetime(
2025-08-24 02:07:44 [INFO]: There are total 12 stations, they are ['Aotizhongxin', 'Changping', 'Dingling', 'Dongsi', 'Guanyuan', 'Gucheng', 'Huairou', 'Nongzhanguan', 'Shunyi', 'Tiantan', 'Wanliu', 'Wanshouxigong']
2025-08-24 02:07:44 [INFO]: Original df missing rate: 0.016
2025-08-24 02:07:44 [INFO]: months selected as train set are <PeriodArray>
['2013-03', '2013-04', '2013-05', '2013-06', '2013-07', '2013-08', '2013-09',
 '2013-10', '2013-11', '2013-12', '2014-01', '2014-02', '2014-03', '2014-04',
 '2014-05', '2014-06', '2014-07', '2014-08', '2014-09', '2014-10', '2014-11',
 '2014-12', '2015-01', '2015-02', '2015-03', '2015-04', '2015-05', '2015-06']
Length: 28, dtype: period[M]
2025-08-24 02:07:44 [INFO]: months selected as val set are <PeriodArray>
['2015-07', '2015-08', '2015-09', '2015-10', '2015-11', '2015-12', '2016-01',
 '2016-02', '2016-03', '2016-04']
Length: 10, dtype: period[M]
2025-08-24 02:07:44 [INFO]: months selected as test set are <PeriodArray>
['2016-05', '2016-06', '2016-07', '2016-08', '2016-09', '2016-10', '2016-11',
 '2016-12', '2017-01', '2017-02']
Length: 10, dtype: period[M]
2025-08-24 02:07:44 [INFO]: Total sample number: 730
2025-08-24 02:07:44 [INFO]: Training set size: 426 (58.36%)
2025-08-24 02:07:44 [INFO]: Validation set size: 152 (20.82%)
2025-08-24 02:07:44 [INFO]: Test set size: 152 (20.82%)
2025-08-24 02:07:44 [INFO]: Number of steps: 48
2025-08-24 02:07:44 [INFO]: Number of features: 132
2025-08-24 02:07:44 [INFO]: Train set missing rate: 50.93%
2025-08-24 02:07:44 [INFO]: Validating set missing rate: 50.44%
2025-08-24 02:07:44 [INFO]: Test set missing rate: 50.71%
âœ… Dataset 'beijing_multisite_air_quality' with missing rate 0.5 loaded at: /home/23r8105_messou/lab/iPyPOTS/datasets/rate_0.5
ğŸš€ Starting GPT4TS training pipeline...
2025-08-24 02:07:45 [INFO]: ğŸ”¥ğŸ”¥ğŸ”¥ğŸ”¥ğŸ”¥ğŸ”¥ğŸ”¥ğŸ”¥ğŸ”¥ğŸ”¥Using device list: ['cuda:6']
2025-08-24 02:07:45 [INFO]: ğŸ”¥ğŸ”¥ğŸ”¥ğŸ”¥ğŸ”¥ğŸ”¥ğŸ”¥ğŸ”¥ğŸ”¥ğŸ”¥Using the given device: cuda:6
2025-08-24 02:07:45 [INFO]: Model files will be saved to output/imputation/cuda:6/gpt4ts/beijing_multisite_air_quality/epoch15/mr0.5_bs32_dm64_ffn64_h2_ly1_proftrue
2025-08-24 02:07:45 [INFO]: Tensorboard file will be saved to output/imputation/cuda:6/gpt4ts/beijing_multisite_air_quality/epoch15/mr0.5_bs32_dm64_ffn64_h2_ly1_proftrue/tensorboard
2025-08-24 02:07:45 [INFO]: Using customized MAE as the training loss function.
2025-08-24 02:07:45 [INFO]: Using customized MSE as the validation metric function.
2025-08-24 02:07:47 [INFO]: Model placed on cuda:6
2025-08-24 02:07:47 [INFO]: GPT4TS initialized with the given hyperparameters.
 â”œâ”€ Total parameters: 46,938,756
 â”œâ”€ Trainable parameters: 1,198,212
 â””â”€ Trainable ratio: 2.55%
2025-08-24 02:07:48 [ERROR]: âŒ Exception: `predictions` mustn't contain NaN values, but detected NaN in it
Traceback (most recent call last):
  File "/home/23r8105_messou/lab/iPyPOTS/pypots/base.py", line 748, in _train_model
    results = self.model(inputs, calc_criterion=True)
              ^^^^^^^^^^^^^^^^^^^^^^^^^^^^^^^^^^^^^^^
  File "/home/23r8105_messou/anaconda3/envs/pypots/lib/python3.12/site-packages/torch/nn/modules/module.py", line 1736, in _wrapped_call_impl
    return self._call_impl(*args, **kwargs)
           ^^^^^^^^^^^^^^^^^^^^^^^^^^^^^^^^
  File "/home/23r8105_messou/anaconda3/envs/pypots/lib/python3.12/site-packages/torch/nn/modules/module.py", line 1747, in _call_impl
    return forward_call(*args, **kwargs)
           ^^^^^^^^^^^^^^^^^^^^^^^^^^^^^
  File "/home/23r8105_messou/lab/iPyPOTS/pypots/imputation/gpt4ts/core.py", line 78, in forward
    loss = self.training_loss(reconstruction, X_ori, indicating_mask)
           ^^^^^^^^^^^^^^^^^^^^^^^^^^^^^^^^^^^^^^^^^^^^^^^^^^^^^^^^^^
  File "/home/23r8105_messou/anaconda3/envs/pypots/lib/python3.12/site-packages/torch/nn/modules/module.py", line 1736, in _wrapped_call_impl
    return self._call_impl(*args, **kwargs)
           ^^^^^^^^^^^^^^^^^^^^^^^^^^^^^^^^
  File "/home/23r8105_messou/anaconda3/envs/pypots/lib/python3.12/site-packages/torch/nn/modules/module.py", line 1747, in _call_impl
    return forward_call(*args, **kwargs)
           ^^^^^^^^^^^^^^^^^^^^^^^^^^^^^
  File "/home/23r8105_messou/lab/iPyPOTS/pypots/nn/modules/loss.py", line 81, in forward
    value = calc_mae(logits, targets, masks)
            ^^^^^^^^^^^^^^^^^^^^^^^^^^^^^^^^
  File "/home/23r8105_messou/lab/iPyPOTS/pypots/nn/functional/error.py", line 98, in calc_mae
    lib = _check_inputs(predictions, targets, masks)
          ^^^^^^^^^^^^^^^^^^^^^^^^^^^^^^^^^^^^^^^^^^
  File "/home/23r8105_messou/lab/iPyPOTS/pypots/nn/functional/error.py", line 34, in _check_inputs
    assert not lib.isnan(predictions).any(), "`predictions` mustn't contain NaN values, but detected NaN in it"
           ^^^^^^^^^^^^^^^^^^^^^^^^^^^^^^^^
AssertionError: `predictions` mustn't contain NaN values, but detected NaN in it

During handling of the above exception, another exception occurred:

Traceback (most recent call last):
  File "/home/23r8105_messou/lab/iPyPOTS/main.py", line 80, in <module>
    main(args)
  File "/home/23r8105_messou/lab/iPyPOTS/main.py", line 59, in main
    mae, mse, rmse, mre = MODEL_PIPELINES[model_name](dataset, args)
                          ^^^^^^^^^^^^^^^^^^^^^^^^^^^^^^^^^^^^^^^^^^
  File "/home/23r8105_messou/lab/iPyPOTS/pipeline/imputations/gpt4ts.py", line 58, in train_and_evaluate_gpt4ts
    gpt4ts.fit(train_set=train_set, val_set=val_set)
  File "/home/23r8105_messou/lab/iPyPOTS/pypots/imputation/gpt4ts/model.py", line 259, in fit
    self._train_model(train_dataloader, val_dataloader)
  File "/home/23r8105_messou/lab/iPyPOTS/pypots/base.py", line 825, in _train_model
    raise RuntimeError(
RuntimeError: Training got interrupted. Model was not trained. Please investigate the error printed above.
srun: error: ai-gpgpu14: task 0: Exited with exit code 1
âŒ FAIL(1): beijing_multisite_air_quality | mr0.5_bs32_dm64_ffn64_h2_ly1_proftrue
â­ï¸ Skip (done): italy_air_quality | mr0.1_bs32_dm64_ffn64_h2_ly1_proftrue
â­ï¸ Skip (done): italy_air_quality | mr0.2_bs32_dm64_ffn64_h2_ly1_proftrue
â­ï¸ Skip (done): italy_air_quality | mr0.3_bs32_dm64_ffn64_h2_ly1_proftrue
â­ï¸ Skip (done): italy_air_quality | mr0.4_bs32_dm64_ffn64_h2_ly1_proftrue
â­ï¸ Skip (done): italy_air_quality | mr0.5_bs32_dm64_ffn64_h2_ly1_proftrue
â­ï¸ Skip (done): pems_traffic | mr0.1_bs32_dm64_ffn64_h2_ly1_proftrue
â­ï¸ Skip (done): pems_traffic | mr0.2_bs32_dm64_ffn64_h2_ly1_proftrue
â­ï¸ Skip (done): pems_traffic | mr0.3_bs32_dm64_ffn64_h2_ly1_proftrue
â­ï¸ Skip (done): pems_traffic | mr0.4_bs32_dm64_ffn64_h2_ly1_proftrue
â­ï¸ Skip (done): pems_traffic | mr0.5_bs32_dm64_ffn64_h2_ly1_proftrue
â­ï¸ Skip (done): solar_alabama | mr0.1_bs32_dm64_ffn64_h2_ly1_proftrue
â­ï¸ Skip (done): solar_alabama | mr0.2_bs32_dm64_ffn64_h2_ly1_proftrue
â­ï¸ Skip (done): solar_alabama | mr0.3_bs32_dm64_ffn64_h2_ly1_proftrue
â­ï¸ Skip (done): solar_alabama | mr0.4_bs32_dm64_ffn64_h2_ly1_proftrue
â­ï¸ Skip (done): solar_alabama | mr0.5_bs32_dm64_ffn64_h2_ly1_proftrue
âœ… All gpt4ts runs completed at 2025-08-24T02:07:51+09:00.
